Component: ARM Compiler 5.06 update 6 (build 750) Tool: armlink [4d35ed]

==============================================================================

Section Cross References

    led.o(RESET) refers to led.o(STACK) for __initial_sp
    led.o(RESET) refers to led.o(.text) for Reset_Handler


==============================================================================

Image Symbol Table

    Local Symbols

    Symbol Name                              Value     Ov Type        Size  Object(Section)

    LED.s                                    0x00000000   Number         0  led.o ABSOLUTE
    RESET                                    0x08000000   Section        8  led.o(RESET)
    .text                                    0x08000008   Section      140  led.o(.text)
    $v0                                      0x08000008   Number         0  led.o(.text)
    Reset_Handler                            0x08000009   Thumb Code     0  led.o(.text)
    STACK                                    0x20000000   Section     1024  led.o(STACK)
    __initial_sp                             0x20000400   Data           0  led.o(STACK)

    Global Symbols

    Symbol Name                              Value     Ov Type        Size  Object(Section)

    BuildAttributes$$THM_ISAv4$E$P$D$K$B$S$7EM$VFPi3$EXTD16$VFPS$VFMA$PE$A:L22UL41UL21$X:L11$S22US41US21$IEEE1$IW$USESV6$~STKCKD$USESV7$~SHL$OSPACE$EBA8$STANDARDLIB$REQ8$PRES8$EABIv2 0x00000000   Number         0  anon$$obj.o ABSOLUTE



==============================================================================

Memory Map of the image

  Image Entry point : 0x08000009

  Load Region LR_IROM1 (Base: 0x08000000, Size: 0x00000094, Max: 0x00080000, ABSOLUTE)

    Execution Region ER_IROM1 (Exec base: 0x08000000, Load base: 0x08000000, Size: 0x00000094, Max: 0x00080000, ABSOLUTE)

    Exec Addr    Load Addr    Size         Type   Attr      Idx    E Section Name        Object

    0x08000000   0x08000000   0x00000008   Data   RO            2    RESET               led.o
    0x08000008   0x08000008   0x0000008c   Code   RO            3  * .text               led.o


    Execution Region RW_IRAM1 (Exec base: 0x20000000, Load base: 0x08000094, Size: 0x00000400, Max: 0x00018000, ABSOLUTE)

    Exec Addr    Load Addr    Size         Type   Attr      Idx    E Section Name        Object

    0x20000000        -       0x00000400   Zero   RW            1    STACK               led.o


==============================================================================

Image component sizes


      Code (inc. data)   RO Data    RW Data    ZI Data      Debug   Object Name

       140         14          8          0       1024        280   led.o

    ----------------------------------------------------------------------
       140         14          8          0       1024        280   Object Totals
         0          0          0          0          0          0   (incl. Generated)
         0          0          0          0          0          0   (incl. Padding)

    ----------------------------------------------------------------------
         0          0          0          0          0          0   Library Totals
         0          0          0          0          0          0   (incl. Padding)

    ----------------------------------------------------------------------

==============================================================================


      Code (inc. data)   RO Data    RW Data    ZI Data      Debug   

       140         14          8          0       1024        280   Grand Totals
       140         14          8          0       1024        280   ELF Image Totals
       140         14          8          0          0          0   ROM Totals

==============================================================================

    Total RO  Size (Code + RO Data)                  148 (   0.14kB)
    Total RW  Size (RW Data + ZI Data)              1024 (   1.00kB)
    Total ROM Size (Code + RO Data + RW Data)        148 (   0.14kB)

==============================================================================

