Component: ARM Compiler 5.05 update 1 (build 106) Tool: armlink [4d0efa]

==============================================================================

Section Cross References

    main.o(i.Task_Angel) refers to imu.o(i.GY86_Read) for GY86_Read
    main.o(i.Task_Angel) refers to imu.o(i.Calib_Status) for Calib_Status
    main.o(i.Task_Angel) refers to imu.o(i.Attitude_Update) for Attitude_Update
    main.o(i.Task_Angel) refers to imu.o(i.Height_Update) for Height_Update
    main.o(i.Task_Angel) refers to os_time.o(i.OSTimeDly) for OSTimeDly
    main.o(i.Task_Angel) refers to main.o(.data) for mag
    main.o(i.Task_Angel) refers to main.o(.bss) for fGyro
    main.o(i.Task_COM) refers to usart.o(i.Send_Senser) for Send_Senser
    main.o(i.Task_COM) refers to usart.o(i.Send_Height_Temp) for Send_Height_Temp
    main.o(i.Task_COM) refers to usart.o(i.Send_RCData_Motor) for Send_RCData_Motor
    main.o(i.Task_COM) refers to usart.o(i.SendWord) for SendWord
    main.o(i.Task_COM) refers to usart.o(i.Send_5_float) for Send_5_float
    main.o(i.Task_COM) refers to imu.o(i.Calib_Status) for Calib_Status
    main.o(i.Task_COM) refers to usart.o(i.Send_Attitude) for Send_Attitude
    main.o(i.Task_COM) refers to os_time.o(i.OSTimeDly) for OSTimeDly
    main.o(i.Task_COM) refers to main.o(.data) for mag
    main.o(i.Task_COM) refers to main.o(.bss) for angle
    main.o(i.Task_PID) refers to pid.o(i.Motor_Exp_Calc) for Motor_Exp_Calc
    main.o(i.Task_PID) refers to imu.o(i.Calib_Status) for Calib_Status
    main.o(i.Task_PID) refers to pid.o(i.Motor_Calc) for Motor_Calc
    main.o(i.Task_PID) refers to os_time.o(i.OSTimeDly) for OSTimeDly
    main.o(i.Task_Startup) refers to bsp.o(i.BSP_Init) for BSP_Init
    main.o(i.Task_Startup) refers to os_time.o(i.OSTimeDly) for OSTimeDly
    main.o(i.Task_Startup) refers to imu.o(i.Open_Calib) for Open_Calib
    main.o(i.Task_Startup) refers to os_task.o(i.OSTaskCreate) for OSTaskCreate
    main.o(i.Task_Startup) refers to os_task.o(i.OSTaskDel) for OSTaskDel
    main.o(i.Task_Startup) refers to main.o(.bss) for Task_COM_STK
    main.o(i.Task_Startup) refers to main.o(i.Task_COM) for Task_COM
    main.o(i.Task_Startup) refers to main.o(i.Task_Angel) for Task_Angel
    main.o(i.Task_Startup) refers to main.o(i.Task_PID) for Task_PID
    main.o(i.main) refers to os_core.o(i.OSInit) for OSInit
    main.o(i.main) refers to os_task.o(i.OSTaskCreate) for OSTaskCreate
    main.o(i.main) refers to os_core.o(i.OSStart) for OSStart
    main.o(i.main) refers to main.o(.bss) for Task_Startup_STK
    main.o(i.main) refers to main.o(i.Task_Startup) for Task_Startup
    nvic.o(i.MY_NVIC_Init) refers to nvic.o(i.MY_NVIC_PriorityGroupConfig) for MY_NVIC_PriorityGroupConfig
    delay.o(i.DELAY_Init) refers to misc.o(i.SysTick_CLKSourceConfig) for SysTick_CLKSourceConfig
    delay.o(i.DELAY_Init) refers to delay.o(.data) for fac_us
    delay.o(i.delay_ms) refers to os_time.o(i.OSTimeDly) for OSTimeDly
    delay.o(i.delay_ms) refers to delay.o(i.delay_us) for delay_us
    delay.o(i.delay_ms) refers to os_core.o(.data) for OSRunning
    delay.o(i.delay_ms) refers to delay.o(.data) for fac_ms
    delay.o(i.delay_us) refers to os_core.o(i.OSSchedLock) for OSSchedLock
    delay.o(i.delay_us) refers to os_core.o(i.OSSchedUnlock) for OSSchedUnlock
    delay.o(i.delay_us) refers to delay.o(.data) for fac_us
    usart.o(i.SendByte) refers to usart.o(i.USART6_NItSend) for USART6_NItSend
    usart.o(i.SendByte) refers to main.o(.bss) for sendBuf
    usart.o(i.SendHalfWord) refers to usart.o(i.USART6_NItSend) for USART6_NItSend
    usart.o(i.SendHalfWord) refers to main.o(.bss) for sendBuf
    usart.o(i.SendStr) refers to usart.o(i.USART6_NItSend) for USART6_NItSend
    usart.o(i.SendStr) refers to main.o(.bss) for sendBuf
    usart.o(i.SendWord) refers to usart.o(i.USART6_NItSend) for USART6_NItSend
    usart.o(i.SendWord) refers to main.o(.bss) for sendBuf
    usart.o(i.Send_5_float) refers to usart.o(i.USART6_NItSend) for USART6_NItSend
    usart.o(i.Send_5_float) refers to main.o(.bss) for sendBuf
    usart.o(i.Send_Attitude) refers to usart.o(i.USART6_NItSend) for USART6_NItSend
    usart.o(i.Send_Attitude) refers to main.o(.bss) for sendBuf
    usart.o(i.Send_Height_Temp) refers to usart.o(i.USART6_NItSend) for USART6_NItSend
    usart.o(i.Send_Height_Temp) refers to main.o(.bss) for sendBuf
    usart.o(i.Send_RCData_Motor) refers to usart.o(i.USART6_NItSend) for USART6_NItSend
    usart.o(i.Send_RCData_Motor) refers to main.o(.bss) for sendBuf
    usart.o(i.Send_Senser) refers to usart.o(i.USART6_NItSend) for USART6_NItSend
    usart.o(i.Send_Senser) refers to main.o(.bss) for sendBuf
    usart.o(i.USART6_IRQ) refers to stm32f4xx_usart.o(i.USART_GetITStatus) for USART_GetITStatus
    usart.o(i.USART6_IRQ) refers to stm32f4xx_usart.o(i.USART_ClearITPendingBit) for USART_ClearITPendingBit
    usart.o(i.USART6_IRQ) refers to usart.o(.data) for FLAG_TC
[...]
    i.USART_GetITStatus                      0x08004f00   Section        0  stm32f4xx_usart.o(i.USART_GetITStatus)
    i.USART_SendData                         0x08004f54   Section        0  stm32f4xx_usart.o(i.USART_SendData)
    i.UsageFault_Handler                     0x08004f5c   Section        0  stm32f4xx_it.o(i.UsageFault_Handler)
    i.__ARM_fpclassify                       0x08004f60   Section        0  fpclassify.o(i.__ARM_fpclassify)
    i.__hardfp_asin                          0x08004f90   Section        0  asin.o(i.__hardfp_asin)
    i.__hardfp_atan                          0x080052f0   Section        0  atan.o(i.__hardfp_atan)
    i.__hardfp_atan2                         0x080055c8   Section        0  atan2.o(i.__hardfp_atan2)
    i.__hardfp_cos                           0x080057b8   Section        0  cos.o(i.__hardfp_cos)
    i.__hardfp_pow                           0x08005880   Section        0  pow.o(i.__hardfp_pow)
    i.__hardfp_sin                           0x080064b8   Section        0  sin.o(i.__hardfp_sin)
    i.__hardfp_sqrtf                         0x08006580   Section        0  sqrtf.o(i.__hardfp_sqrtf)
    i.__ieee754_rem_pio2                     0x080065c0   Section        0  rred.o(i.__ieee754_rem_pio2)
    i.__kernel_cos                           0x080069f8   Section        0  cos_i.o(i.__kernel_cos)
    i.__kernel_poly                          0x08006b68   Section        0  poly.o(i.__kernel_poly)
    i.__kernel_sin                           0x08006c60   Section        0  sin_i.o(i.__kernel_sin)
    i.__mathlib_dbl_divzero                  0x08006d90   Section        0  dunder.o(i.__mathlib_dbl_divzero)
    i.__mathlib_dbl_infnan                   0x08006dc0   Section        0  dunder.o(i.__mathlib_dbl_infnan)
    i.__mathlib_dbl_infnan2                  0x08006dd4   Section        0  dunder.o(i.__mathlib_dbl_infnan2)
    i.__mathlib_dbl_invalid                  0x08006de8   Section        0  dunder.o(i.__mathlib_dbl_invalid)
    i.__mathlib_dbl_overflow                 0x08006e08   Section        0  dunder.o(i.__mathlib_dbl_overflow)
    i.__mathlib_dbl_underflow                0x08006e28   Section        0  dunder.o(i.__mathlib_dbl_underflow)
    i.atan                                   0x08006e48   Section        0  atan.o(i.atan)
    i.delay_ms                               0x08006e58   Section        0  delay.o(i.delay_ms)
    i.delay_us                               0x08006ea8   Section        0  delay.o(i.delay_us)
    i.fabs                                   0x08006f00   Section        0  fabs.o(i.fabs)
    i.i2cread                                0x08006f18   Section        0  iic.o(i.i2cread)
    i.invSqrt                                0x08006f74   Section        0  imu.o(i.invSqrt)
    i.main                                   0x08006fb0   Section        0  main.o(i.main)
    i.sqrt                                   0x08006fd4   Section        0  sqrt.o(i.sqrt)
    x$fpl$basic                              0x08007042   Section       24  basic.o(x$fpl$basic)
    $v0                                      0x08007042   Number         0  basic.o(x$fpl$basic)
    x$fpl$d2f                                0x0800705c   Section       98  d2f.o(x$fpl$d2f)
    $v0                                      0x0800705c   Number         0  d2f.o(x$fpl$d2f)
    x$fpl$dadd                               0x080070c0   Section      336  daddsub_clz.o(x$fpl$dadd)
    $v0                                      0x080070c0   Number         0  daddsub_clz.o(x$fpl$dadd)
    _dadd1                                   0x080070d1   Thumb Code     0  daddsub_clz.o(x$fpl$dadd)
    x$fpl$dcheck1                            0x08007210   Section       16  dcheck1.o(x$fpl$dcheck1)
    $v0                                      0x08007210   Number         0  dcheck1.o(x$fpl$dcheck1)
    x$fpl$dcmpinf                            0x08007220   Section       24  dcmpi.o(x$fpl$dcmpinf)
    $v0                                      0x08007220   Number         0  dcmpi.o(x$fpl$dcmpinf)
    x$fpl$ddiv                               0x08007238   Section      688  ddiv.o(x$fpl$ddiv)
    $v0                                      0x08007238   Number         0  ddiv.o(x$fpl$ddiv)
    ddiv_entry                               0x0800723f   Thumb Code     0  ddiv.o(x$fpl$ddiv)
    x$fpl$dfix                               0x080074e8   Section       94  dfix.o(x$fpl$dfix)
    $v0                                      0x080074e8   Number         0  dfix.o(x$fpl$dfix)
    x$fpl$dflt                               0x08007546   Section       46  dflt_clz.o(x$fpl$dflt)
    $v0                                      0x08007546   Number         0  dflt_clz.o(x$fpl$dflt)
    x$fpl$dfltu                              0x08007574   Section       38  dflt_clz.o(x$fpl$dfltu)
    $v0                                      0x08007574   Number         0  dflt_clz.o(x$fpl$dfltu)
    x$fpl$dleqf                              0x0800759c   Section      120  dleqf.o(x$fpl$dleqf)
    $v0                                      0x0800759c   Number         0  dleqf.o(x$fpl$dleqf)
    x$fpl$dmul                               0x08007614   Section      340  dmul.o(x$fpl$dmul)
    $v0                                      0x08007614   Number         0  dmul.o(x$fpl$dmul)
    x$fpl$dnaninf                            0x08007768   Section      156  dnaninf.o(x$fpl$dnaninf)
    $v0                                      0x08007768   Number         0  dnaninf.o(x$fpl$dnaninf)
    x$fpl$dretinf                            0x08007804   Section       12  dretinf.o(x$fpl$dretinf)
    $v0                                      0x08007804   Number         0  dretinf.o(x$fpl$dretinf)
    x$fpl$drleqf                             0x08007810   Section      108  drleqf.o(x$fpl$drleqf)
    $v0                                      0x08007810   Number         0  drleqf.o(x$fpl$drleqf)
    x$fpl$drsb                               0x0800787c   Section       22  daddsub_clz.o(x$fpl$drsb)
    $v0                                      0x0800787c   Number         0  daddsub_clz.o(x$fpl$drsb)
    x$fpl$dsqrt                              0x08007894   Section      408  dsqrt_umaal.o(x$fpl$dsqrt)
    $v0                                      0x08007894   Number         0  dsqrt_umaal.o(x$fpl$dsqrt)
    x$fpl$dsub                               0x08007a2c   Section      468  daddsub_clz.o(x$fpl$dsub)
    $v0                                      0x08007a2c   Number         0  daddsub_clz.o(x$fpl$dsub)
    _dsub1                                   0x08007a3d   Thumb Code     0  daddsub_clz.o(x$fpl$dsub)
    x$fpl$f2d                                0x08007c00   Section       86  f2d.o(x$fpl$f2d)
    $v0                                      0x08007c00   Number         0  f2d.o(x$fpl$f2d)
    x$fpl$fnaninf                            0x08007c56   Section      140  fnaninf.o(x$fpl$fnaninf)
    $v0                                      0x08007c56   Number         0  fnaninf.o(x$fpl$fnaninf)
    x$fpl$fpinit                             0x08007ce2   Section       10  fpinit.o(x$fpl$fpinit)
    $v0                                      0x08007ce2   Number         0  fpinit.o(x$fpl$fpinit)
    x$fpl$fretinf                            0x08007cec   Section       10  fretinf.o(x$fpl$fretinf)
    $v0                                      0x08007cec   Number         0  fretinf.o(x$fpl$fretinf)
    x$fpl$retnan                             0x08007cf6   Section      100  retnan.o(x$fpl$retnan)
    $v0                                      0x08007cf6   Number         0  retnan.o(x$fpl$retnan)
    x$fpl$scalbn                             0x08007d5a   Section       92  scalbn.o(x$fpl$scalbn)
    $v0                                      0x08007d5a   Number         0  scalbn.o(x$fpl$scalbn)
    x$fpl$trapveneer                         0x08007db6   Section       48  trapv.o(x$fpl$trapveneer)
    $v0                                      0x08007db6   Number         0  trapv.o(x$fpl$trapveneer)
    .constdata                               0x08007de6   Section      256  os_core.o(.constdata)
    x$fpl$usenofp                            0x08007de6   Section        0  usenofp.o(x$fpl$usenofp)
    .constdata                               0x08007ee8   Section       80  asin.o(.constdata)
    pS                                       0x08007ee8   Data          48  asin.o(.constdata)
    qS                                       0x08007f18   Data          32  asin.o(.constdata)
    .constdata                               0x08007f38   Section      136  pow.o(.constdata)
    bp                                       0x08007f38   Data          16  pow.o(.constdata)
    dp_h                                     0x08007f48   Data          16  pow.o(.constdata)
    dp_l                                     0x08007f58   Data          16  pow.o(.constdata)
    L                                        0x08007f68   Data          48  pow.o(.constdata)
    P                                        0x08007f98   Data          40  pow.o(.constdata)
    .constdata                               0x08007fc0   Section      152  atan.o(.constdata)
    atanhi                                   0x08007fc0   Data          32  atan.o(.constdata)
    atanlo                                   0x08007fe0   Data          32  atan.o(.constdata)
    aTodd                                    0x08008000   Data          40  atan.o(.constdata)
    aTeven                                   0x08008028   Data          48  atan.o(.constdata)
    .constdata                               0x08008058   Section       48  cos_i.o(.constdata)
    C                                        0x08008058   Data          48  cos_i.o(.constdata)
    .constdata                               0x08008088   Section        8  qnan.o(.constdata)
    .constdata                               0x08008090   Section      200  rred.o(.constdata)
    pio2s                                    0x08008090   Data          48  rred.o(.constdata)
    twooverpi                                0x080080c0   Data         152  rred.o(.constdata)
    .constdata                               0x08008158   Section       40  sin_i.o(.constdata)
    S                                        0x08008158   Data          40  sin_i.o(.constdata)
    .data                                    0x20000000   Section      132  main.o(.data)
    .data                                    0x20000084   Section        4  delay.o(.data)
    fac_us                                   0x20000084   Data           1  delay.o(.data)
    fac_ms                                   0x20000086   Data           2  delay.o(.data)
    .data                                    0x20000088   Section        1  usart.o(.data)
    .data                                    0x2000008a   Section       12  pwm.o(.data)
    .data                                    0x20000098   Section       88  imu.o(.data)
    ACC_X                                    0x200000c4   Data           4  imu.o(.data)
    ACC_Y                                    0x200000c8   Data           4  imu.o(.data)
    ACC_Z                                    0x200000cc   Data           4  imu.o(.data)
    count_acc                                0x200000d0   Data           1  imu.o(.data)
    GYRO_X                                   0x200000d4   Data           4  imu.o(.data)
    GYRO_Y                                   0x200000d8   Data           4  imu.o(.data)
    GYRO_Z                                   0x200000dc   Data           4  imu.o(.data)
    count_gyro                               0x200000e0   Data           1  imu.o(.data)
    PRESS                                    0x200000e4   Data           4  imu.o(.data)
    count_press                              0x200000e8   Data           1  imu.o(.data)
    now                                      0x200000ec   Data           4  imu.o(.data)
    .data                                    0x200000f0   Section       52  pid.o(.data)
    now                                      0x20000120   Data           4  pid.o(.data)
    .data                                    0x20000128   Section       56  gy86.o(.data)
    .data                                    0x20000160   Section       48  os_core.o(.data)
    .data                                    0x20000190   Section        4  os_cpu_c.o(.data)
    .data                                    0x20000194   Section       16  stm32f4xx_rcc.o(.data)
    APBAHBPrescTable                         0x20000194   Data          16  stm32f4xx_rcc.o(.data)
    .bss                                     0x200001a4   Section    10484  main.o(.bss)
    Task_Startup_STK                         0x20000298   Data        4096  main.o(.bss)
    Task_COM_STK                             0x20001298   Data        2048  main.o(.bss)
    Task_Angel_STK                           0x20001a98   Data        2048  main.o(.bss)
    Task_PID_STK                             0x20002298   Data        2048  main.o(.bss)
    .bss                                     0x20002a98   Section       16  pwm.o(.bss)
    .bss                                     0x20002aa8   Section       14  gy86.o(.bss)
    .bss                                     0x20002ab8   Section     2196  os_core.o(.bss)
    .bss                                     0x2000334c   Section      512  os_cpu_c.o(.bss)
    .bss                                     0x2000354c   Section       96  libspace.o(.bss)
    HEAP                                     0x200035b0   Section      512  startup_stm32f401xx.o(HEAP)
    Heap_Mem                                 0x200035b0   Data         512  startup_stm32f401xx.o(HEAP)
    STACK                                    0x200037b0   Section     1024  startup_stm32f401xx.o(STACK)
    Stack_Mem                                0x200037b0   Data        1024  startup_stm32f401xx.o(STACK)
    __initial_sp                             0x20003bb0   Data           0  startup_stm32f401xx.o(STACK)

    Global Symbols

    Symbol Name                              Value     Ov Type        Size  Object(Section)

    BuildAttributes$$THM_ISAv4$E$P$D$K$B$S$7EM$VFPi3$EXTD16$VFPS$VFMA$PE$A:L22UL41UL21$X:L11$S22US41US21$IEEE1$IW$USESV6$~STKCKD$USESV7$~SHL$OTIME$ROPI$IEEEX$EBA8$UX$STANDARDLIB$REQ8$PRES8$EABIv2 0x00000000   Number         0  anon$$obj.o ABSOLUTE
    __ARM_use_no_argv                        0x00000000   Number         0  main.o ABSOLUTE
    __ARM_exceptions_init                     - Undefined Weak Reference
    __alloca_initialize                       - Undefined Weak Reference
    __arm_preinit_                            - Undefined Weak Reference
    __cpp_initialize__aeabi_                  - Undefined Weak Reference
    __cxa_finalize                            - Undefined Weak Reference
    __rt_locale                               - Undefined Weak Reference
    __sigvec_lookup                           - Undefined Weak Reference
    _atexit_init                              - Undefined Weak Reference
    _call_atexit_fns                          - Undefined Weak Reference
    _clock_init                               - Undefined Weak Reference
    _fp_trap_init                             - Undefined Weak Reference
    _fp_trap_shutdown                         - Undefined Weak Reference
    _get_lc_collate                           - Undefined Weak Reference
    _get_lc_ctype                             - Undefined Weak Reference
    _get_lc_monetary                          - Undefined Weak Reference
    _get_lc_numeric                           - Undefined Weak Reference
    _get_lc_time                              - Undefined Weak Reference
    _getenv_init                              - Undefined Weak Reference
    _handle_redirection                       - Undefined Weak Reference
    _init_alloc                               - Undefined Weak Reference
    _init_user_alloc                          - Undefined Weak Reference
    _initio                                   - Undefined Weak Reference
    _rand_init                                - Undefined Weak Reference
    _signal_finish                            - Undefined Weak Reference
    _signal_init                              - Undefined Weak Reference
    _terminate_alloc                          - Undefined Weak Reference
    _terminate_user_alloc                     - Undefined Weak Reference
    _terminateio                              - Undefined Weak Reference
    __Vectors_Size                           0x00000194   Number         0  startup_stm32f401xx.o ABSOLUTE
    __Vectors                                0x08000000   Data           4  startup_stm32f401xx.o(RESET)
    __Vectors_End                            0x08000194   Data           0  startup_stm32f401xx.o(RESET)
    __main                                   0x08000195   Thumb Code     8  __main.o(!!!main)
    __scatterload                            0x0800019d   Thumb Code     0  __scatter.o(!!!scatter)
    __scatterload_rt2                        0x0800019d   Thumb Code    44  __scatter.o(!!!scatter)
    __scatterload_rt2_thumb_only             0x0800019d   Thumb Code     0  __scatter.o(!!!scatter)
    __scatterload_null                       0x080001ab   Thumb Code     0  __scatter.o(!!!scatter)
    __decompress                             0x080001d1   Thumb Code    90  __dczerorl2.o(!!dczerorl2)
    __decompress1                            0x080001d1   Thumb Code     0  __dczerorl2.o(!!dczerorl2)
    __scatterload_zeroinit                   0x0800022d   Thumb Code    28  __scatter_zi.o(!!handler_zi)
    __rt_lib_init                            0x08000249   Thumb Code     0  libinit.o(.ARM.Collect$$libinit$$00000000)
    __rt_lib_init_fp_1                       0x0800024b   Thumb Code     0  libinit2.o(.ARM.Collect$$libinit$$00000001)
    __rt_lib_init_alloca_1                   0x0800024f   Thumb Code     0  libinit2.o(.ARM.Collect$$libinit$$0000002E)
    __rt_lib_init_argv_1                     0x0800024f   Thumb Code     0  libinit2.o(.ARM.Collect$$libinit$$0000002C)
    __rt_lib_init_atexit_1                   0x0800024f   Thumb Code     0  libinit2.o(.ARM.Collect$$libinit$$0000001B)
    __rt_lib_init_clock_1                    0x0800024f   Thumb Code     0  libinit2.o(.ARM.Collect$$libinit$$00000021)
    __rt_lib_init_cpp_1                      0x0800024f   Thumb Code     0  libinit2.o(.ARM.Collect$$libinit$$00000032)
    __rt_lib_init_exceptions_1               0x0800024f   Thumb Code     0  libinit2.o(.ARM.Collect$$libinit$$00000030)
    __rt_lib_init_fp_trap_1                  0x0800024f   Thumb Code     0  libinit2.o(.ARM.Collect$$libinit$$0000001F)
    __rt_lib_init_getenv_1                   0x0800024f   Thumb Code     0  libinit2.o(.ARM.Collect$$libinit$$00000023)
    __rt_lib_init_heap_1                     0x0800024f   Thumb Code     0  libinit2.o(.ARM.Collect$$libinit$$0000000A)
    __rt_lib_init_lc_collate_1               0x0800024f   Thumb Code     0  libinit2.o(.ARM.Collect$$libinit$$00000011)
    __rt_lib_init_lc_ctype_1                 0x0800024f   Thumb Code     0  libinit2.o(.ARM.Collect$$libinit$$00000013)
    __rt_lib_init_lc_monetary_1              0x0800024f   Thumb Code     0  libinit2.o(.ARM.Collect$$libinit$$00000015)
    __rt_lib_init_lc_numeric_1               0x0800024f   Thumb Code     0  libinit2.o(.ARM.Collect$$libinit$$00000017)
    __rt_lib_init_lc_time_1                  0x0800024f   Thumb Code     0  libinit2.o(.ARM.Collect$$libinit$$00000019)
    __rt_lib_init_preinit_1                  0x0800024f   Thumb Code     0  libinit2.o(.ARM.Collect$$libinit$$00000004)
    __rt_lib_init_rand_1                     0x0800024f   Thumb Code     0  libinit2.o(.ARM.Collect$$libinit$$0000000E)
    __rt_lib_init_return                     0x0800024f   Thumb Code     0  libinit2.o(.ARM.Collect$$libinit$$00000033)
    __rt_lib_init_signal_1                   0x0800024f   Thumb Code     0  libinit2.o(.ARM.Collect$$libinit$$0000001D)
    __rt_lib_init_stdio_1                    0x0800024f   Thumb Code     0  libinit2.o(.ARM.Collect$$libinit$$00000025)
    __rt_lib_init_user_alloc_1               0x0800024f   Thumb Code     0  libinit2.o(.ARM.Collect$$libinit$$0000000C)
    __rt_lib_shutdown                        0x08000251   Thumb Code     0  libshutdown.o(.ARM.Collect$$libshutdown$$00000000)
    __rt_lib_shutdown_fp_trap_1              0x08000253   Thumb Code     0  libshutdown2.o(.ARM.Collect$$libshutdown$$00000006)
    __rt_lib_shutdown_heap_1                 0x08000253   Thumb Code     0  libshutdown2.o(.ARM.Collect$$libshutdown$$0000000E)
    __rt_lib_shutdown_return                 0x08000253   Thumb Code     0  libshutdown2.o(.ARM.Collect$$libshutdown$$0000000F)
    __rt_lib_shutdown_signal_1               0x08000253   Thumb Code     0  libshutdown2.o(.ARM.Collect$$libshutdown$$00000009)
    __rt_lib_shutdown_stdio_1                0x08000253   Thumb Code     0  libshutdown2.o(.ARM.Collect$$libshutdown$$00000003)
    __rt_lib_shutdown_user_alloc_1           0x08000253   Thumb Code     0  libshutdown2.o(.ARM.Collect$$libshutdown$$0000000B)
    __rt_entry                               0x08000255   Thumb Code     0  __rtentry.o(.ARM.Collect$$rtentry$$00000000)
    __rt_entry_presh_1                       0x08000255   Thumb Code     0  __rtentry2.o(.ARM.Collect$$rtentry$$00000002)
    __rt_entry_sh                            0x08000255   Thumb Code     0  __rtentry4.o(.ARM.Collect$$rtentry$$00000004)
    __rt_entry_li                            0x0800025b   Thumb Code     0  __rtentry2.o(.ARM.Collect$$rtentry$$0000000A)
    __rt_entry_postsh_1                      0x0800025b   Thumb Code     0  __rtentry2.o(.ARM.Collect$$rtentry$$00000009)
    __rt_entry_main                          0x0800025f   Thumb Code     0  __rtentry2.o(.ARM.Collect$$rtentry$$0000000D)
    __rt_entry_postli_1                      0x0800025f   Thumb Code     0  __rtentry2.o(.ARM.Collect$$rtentry$$0000000C)
    __rt_exit                                0x08000267   Thumb Code     0  rtexit.o(.ARM.Collect$$rtexit$$00000000)
    __rt_exit_ls                             0x08000269   Thumb Code     0  rtexit2.o(.ARM.Collect$$rtexit$$00000003)
    __rt_exit_prels_1                        0x08000269   Thumb Code     0  rtexit2.o(.ARM.Collect$$rtexit$$00000002)
    __rt_exit_exit                           0x0800026d   Thumb Code     0  rtexit2.o(.ARM.Collect$$rtexit$$00000004)
    Reset_Handler                            0x08000275   Thumb Code     8  startup_stm32f401xx.o(.text)
    ADC_IRQHandler                           0x0800028f   Thumb Code     0  startup_stm32f401xx.o(.text)
    DMA1_Stream0_IRQHandler                  0x0800028f   Thumb Code     0  startup_stm32f401xx.o(.text)
    DMA1_Stream1_IRQHandler                  0x0800028f   Thumb Code     0  startup_stm32f401xx.o(.text)
    DMA1_Stream2_IRQHandler                  0x0800028f   Thumb Code     0  startup_stm32f401xx.o(.text)
    DMA1_Stream3_IRQHandler                  0x0800028f   Thumb Code     0  startup_stm32f401xx.o(.text)
    DMA1_Stream4_IRQHandler                  0x0800028f   Thumb Code     0  startup_stm32f401xx.o(.text)
    DMA1_Stream5_IRQHandler                  0x0800028f   Thumb Code     0  startup_stm32f401xx.o(.text)
    DMA1_Stream6_IRQHandler                  0x0800028f   Thumb Code     0  startup_stm32f401xx.o(.text)
    DMA1_Stream7_IRQHandler                  0x0800028f   Thumb Code     0  startup_stm32f401xx.o(.text)
    DMA2_Stream0_IRQHandler                  0x0800028f   Thumb Code     0  startup_stm32f401xx.o(.text)
    DMA2_Stream1_IRQHandler                  0x0800028f   Thumb Code     0  startup_stm32f401xx.o(.text)
    DMA2_Stream2_IRQHandler                  0x0800028f   Thumb Code     0  startup_stm32f401xx.o(.text)
    DMA2_Stream3_IRQHandler                  0x0800028f   Thumb Code     0  startup_stm32f401xx.o(.text)
    DMA2_Stream4_IRQHandler                  0x0800028f   Thumb Code     0  startup_stm32f401xx.o(.text)
    DMA2_Stream5_IRQHandler                  0x0800028f   Thumb Code     0  startup_stm32f401xx.o(.text)
    DMA2_Stream6_IRQHandler                  0x0800028f   Thumb Code     0  startup_stm32f401xx.o(.text)
    DMA2_Stream7_IRQHandler                  0x0800028f   Thumb Code     0  startup_stm32f401xx.o(.text)
    EXTI0_IRQHandler                         0x0800028f   Thumb Code     0  startup_stm32f401xx.o(.text)
    EXTI15_10_IRQHandler                     0x0800028f   Thumb Code     0  startup_stm32f401xx.o(.text)
    EXTI1_IRQHandler                         0x0800028f   Thumb Code     0  startup_stm32f401xx.o(.text)
    EXTI2_IRQHandler                         0x0800028f   Thumb Code     0  startup_stm32f401xx.o(.text)
    EXTI3_IRQHandler                         0x0800028f   Thumb Code     0  startup_stm32f401xx.o(.text)
    EXTI4_IRQHandler                         0x0800028f   Thumb Code     0  startup_stm32f401xx.o(.text)
    EXTI9_5_IRQHandler                       0x0800028f   Thumb Code     0  startup_stm32f401xx.o(.text)
    FLASH_IRQHandler                         0x0800028f   Thumb Code     0  startup_stm32f401xx.o(.text)
    FPU_IRQHandler                           0x0800028f   Thumb Code     0  startup_stm32f401xx.o(.text)
    I2C1_ER_IRQHandler                       0x0800028f   Thumb Code     0  startup_stm32f401xx.o(.text)
    I2C1_EV_IRQHandler                       0x0800028f   Thumb Code     0  startup_stm32f401xx.o(.text)
    I2C2_ER_IRQHandler                       0x0800028f   Thumb Code     0  startup_stm32f401xx.o(.text)
    I2C2_EV_IRQHandler                       0x0800028f   Thumb Code     0  startup_stm32f401xx.o(.text)
    I2C3_ER_IRQHandler                       0x0800028f   Thumb Code     0  startup_stm32f401xx.o(.text)
    I2C3_EV_IRQHandler                       0x0800028f   Thumb Code     0  startup_stm32f401xx.o(.text)
    OTG_FS_IRQHandler                        0x0800028f   Thumb Code     0  startup_stm32f401xx.o(.text)
    OTG_FS_WKUP_IRQHandler                   0x0800028f   Thumb Code     0  startup_stm32f401xx.o(.text)
    PVD_IRQHandler                           0x0800028f   Thumb Code     0  startup_stm32f401xx.o(.text)
    RCC_IRQHandler                           0x0800028f   Thumb Code     0  startup_stm32f401xx.o(.text)
    RTC_Alarm_IRQHandler                     0x0800028f   Thumb Code     0  startup_stm32f401xx.o(.text)
    RTC_WKUP_IRQHandler                      0x0800028f   Thumb Code     0  startup_stm32f401xx.o(.text)
    SDIO_IRQHandler                          0x0800028f   Thumb Code     0  startup_stm32f401xx.o(.text)
    SPI1_IRQHandler                          0x0800028f   Thumb Code     0  startup_stm32f401xx.o(.text)
    SPI2_IRQHandler                          0x0800028f   Thumb Code     0  startup_stm32f401xx.o(.text)
    SPI3_IRQHandler                          0x0800028f   Thumb Code     0  startup_stm32f401xx.o(.text)
    SPI4_IRQHandler                          0x0800028f   Thumb Code     0  startup_stm32f401xx.o(.text)
    TAMP_STAMP_IRQHandler                    0x0800028f   Thumb Code     0  startup_stm32f401xx.o(.text)
    TIM1_BRK_TIM9_IRQHandler                 0x0800028f   Thumb Code     0  startup_stm32f401xx.o(.text)
    TIM1_CC_IRQHandler                       0x0800028f   Thumb Code     0  startup_stm32f401xx.o(.text)
    TIM1_TRG_COM_TIM11_IRQHandler            0x0800028f   Thumb Code     0  startup_stm32f401xx.o(.text)
    TIM1_UP_TIM10_IRQHandler                 0x0800028f   Thumb Code     0  startup_stm32f401xx.o(.text)
    TIM2_IRQHandler                          0x0800028f   Thumb Code     0  startup_stm32f401xx.o(.text)
    TIM4_IRQHandler                          0x0800028f   Thumb Code     0  startup_stm32f401xx.o(.text)
    USART1_IRQHandler                        0x0800028f   Thumb Code     0  startup_stm32f401xx.o(.text)
    WWDG_IRQHandler                          0x0800028f   Thumb Code     0  startup_stm32f401xx.o(.text)
    __user_initial_stackheap                 0x08000291   Thumb Code     0  startup_stm32f401xx.o(.text)
    OS_CPU_SR_Save                           0x080002b5   Thumb Code     0  os_cpu_a.o(.text)
    OS_CPU_SR_Restore                        0x080002bd   Thumb Code     0  os_cpu_a.o(.text)
    OSStartHighRdy                           0x080002c3   Thumb Code     0  os_cpu_a.o(.text)
    OSCtxSw                                  0x080002e5   Thumb Code     0  os_cpu_a.o(.text)
    OSIntCtxSw                               0x080002ef   Thumb Code     0  os_cpu_a.o(.text)
    OS_CPU_PendSVHandler                     0x080002f9   Thumb Code     0  os_cpu_a.o(.text)
    __use_two_region_memory                  0x0800035d   Thumb Code     2  heapauxi.o(.text)
    __rt_heap_escrow$2region                 0x0800035f   Thumb Code     2  heapauxi.o(.text)
    __rt_heap_expand$2region                 0x08000361   Thumb Code     2  heapauxi.o(.text)
    __read_errno                             0x08000363   Thumb Code    10  _rserrno.o(.text)
    __set_errno                              0x0800036d   Thumb Code    12  _rserrno.o(.text)
    __aeabi_errno_addr                       0x08000379   Thumb Code     8  rt_errno_addr_intlibspace.o(.text)
    __errno$intlibspace                      0x08000379   Thumb Code     0  rt_errno_addr_intlibspace.o(.text)
    __rt_errno_addr$intlibspace              0x08000379   Thumb Code     0  rt_errno_addr_intlibspace.o(.text)
    __user_libspace                          0x08000381   Thumb Code     8  libspace.o(.text)
    __user_perproc_libspace                  0x08000381   Thumb Code     0  libspace.o(.text)
    __user_perthread_libspace                0x08000381   Thumb Code     0  libspace.o(.text)
    __user_setup_stackheap                   0x08000389   Thumb Code    74  sys_stackheap_outer.o(.text)
    exit                                     0x080003d3   Thumb Code    12  exit.o(.text)
    _sys_exit                                0x080003e1   Thumb Code     8  sys_exit.o(.text)
    __I$use$semihosting                      0x080003ed   Thumb Code     0  use_no_semi.o(.text)
    __use_no_semihosting_swi                 0x080003ed   Thumb Code     2  use_no_semi.o(.text)
    AHRS_Time_Init                           0x080003ef   Thumb Code    60  imu.o(i.AHRS_Time_Init)
    __semihosting_library_function           0x080003ef   Thumb Code     0  indicate_semi.o(.text)
    Attitude_Update                          0x0800042d   Thumb Code  1998  imu.o(i.Attitude_Update)
    BSP_Init                                 0x08000c31   Thumb Code    70  bsp.o(i.BSP_Init)
    BusFault_Handler                         0x08000c77   Thumb Code     4  stm32f4xx_it.o(i.BusFault_Handler)
    Calib_Status                             0x08000c7d   Thumb Code    18  imu.o(i.Calib_Status)
    DELAY_Init                               0x08000c9d   Thumb Code    76  delay.o(i.DELAY_Init)
    DebugMon_Handler                         0x08000cf1   Thumb Code     2  stm32f4xx_it.o(i.DebugMon_Handler)
    GPIO_AF_Set                              0x08000cf3   Thumb Code    64  gpio.o(i.GPIO_AF_Set)
    GPIO_Init                                0x08000d33   Thumb Code   144  stm32f4xx_gpio.o(i.GPIO_Init)
    GPIO_PinAFConfig                         0x08000dc3   Thumb Code    70  stm32f4xx_gpio.o(i.GPIO_PinAFConfig)
    GPIO_ReadInputDataBit                    0x08000e09   Thumb Code    18  stm32f4xx_gpio.o(i.GPIO_ReadInputDataBit)
    GPIO_ResetBits                           0x08000e1b   Thumb Code     4  stm32f4xx_gpio.o(i.GPIO_ResetBits)
    GPIO_Set                                 0x08000e1f   Thumb Code   222  gpio.o(i.GPIO_Set)
    GPIO_SetBits                             0x08000efd   Thumb Code     4  stm32f4xx_gpio.o(i.GPIO_SetBits)
    GY86_Read                                0x08000f01   Thumb Code   406  imu.o(i.GY86_Read)
    Get_AHRS_Time                            0x080010b5   Thumb Code    50  imu.o(i.Get_AHRS_Time)
    Get_PID_Time                             0x080010f5   Thumb Code    46  pid.o(i.Get_PID_Time)
    HMC5883L_Init                            0x08001135   Thumb Code    34  gy86.o(i.HMC5883L_Init)
    HardFault_Handler                        0x08001157   Thumb Code     4  stm32f4xx_it.o(i.HardFault_Handler)
    Height_Update                            0x0800115d   Thumb Code    68  imu.o(i.Height_Update)
    I2C_NoAddr_WriteByte                     0x080011b1   Thumb Code    28  iic.o(i.I2C_NoAddr_WriteByte)
    I2C_ReadByte                             0x080011cd   Thumb Code    48  iic.o(i.I2C_ReadByte)
    I2C_Read_2Bytes                          0x080011fd   Thumb Code    62  iic.o(i.I2C_Read_2Bytes)
    I2C_Read_3Bytes                          0x0800123b   Thumb Code    74  iic.o(i.I2C_Read_3Bytes)
    I2C_ReceiveByte                          0x08001285   Thumb Code    86  iic.o(i.I2C_ReceiveByte)
    I2C_ReceiveByte_WithACK                  0x080012e1   Thumb Code    86  iic.o(i.I2C_ReceiveByte_WithACK)
    I2C_START                                0x0800133d   Thumb Code    90  iic.o(i.I2C_START)
    I2C_STOP                                 0x0800139d   Thumb Code    46  iic.o(i.I2C_STOP)
    I2C_SendACK                              0x080013d1   Thumb Code    46  iic.o(i.I2C_SendACK)
    I2C_SendByte                             0x08001405   Thumb Code   148  iic.o(i.I2C_SendByte)
    I2C_SendNACK                             0x0800149d   Thumb Code    46  iic.o(i.I2C_SendNACK)
    I2C_WriteByte                            0x080014d1   Thumb Code    36  iic.o(i.I2C_WriteByte)
    IIC_Init                                 0x080014f5   Thumb Code    46  iic.o(i.IIC_Init)
    Judge_FlyMode                            0x08001529   Thumb Code   194  pid.o(i.Judge_FlyMode)
    Limit                                    0x08001609   Thumb Code    42  pid.o(i.Limit)
    MPU6050_Init                             0x08001633   Thumb Code    92  gy86.o(i.MPU6050_Init)
    MPU6050_Offset                           0x08001691   Thumb Code   604  imu.o(i.MPU6050_Offset)
    MS561101BA_Do_Conversion                 0x0800195d   Thumb Code    32  gy86.o(i.MS561101BA_Do_Conversion)
    MS561101BA_GetPressure                   0x0800197d   Thumb Code   604  gy86.o(i.MS561101BA_GetPressure)
    MS561101BA_GetTemperature                0x08001c31   Thumb Code    92  gy86.o(i.MS561101BA_GetTemperature)
    MS561101BA_Init                          0x08001ca5   Thumb Code    24  gy86.o(i.MS561101BA_Init)
    MS561101BA_ReadPROM                      0x08001cbd   Thumb Code    36  gy86.o(i.MS561101BA_ReadPROM)
    MS561101BA_Reset                         0x08001ce5   Thumb Code    12  gy86.o(i.MS561101BA_Reset)
    MemManage_Handler                        0x08001cf1   Thumb Code     4  stm32f4xx_it.o(i.MemManage_Handler)
    Motor_Calc                               0x08001cf5   Thumb Code   670  pid.o(i.Motor_Calc)
    Motor_Exp_Calc                           0x08002015   Thumb Code   248  pid.o(i.Motor_Exp_Calc)
    NMI_Handler                              0x08002131   Thumb Code     2  stm32f4xx_it.o(i.NMI_Handler)
    NVIC_Init                                0x08002135   Thumb Code   106  misc.o(i.NVIC_Init)
    OSInit                                   0x080021ad   Thumb Code    32  os_core.o(i.OSInit)
    OSInitHookBegin                          0x080021cd   Thumb Code    34  os_cpu_c.o(i.OSInitHookBegin)
    OSInitHookEnd                            0x080021fd   Thumb Code     2  os_cpu_c.o(i.OSInitHookEnd)
    OSIntExit                                0x08002201   Thumb Code   112  os_core.o(i.OSIntExit)
    OSSchedLock                              0x08002291   Thumb Code    50  os_core.o(i.OSSchedLock)
    OSSchedUnlock                            0x080022d1   Thumb Code    82  os_core.o(i.OSSchedUnlock)
    OSStart                                  0x08002331   Thumb Code    48  os_core.o(i.OSStart)
    OSTCBInitHook                            0x08002379   Thumb Code     2  os_cpu_c.o(i.OSTCBInitHook)
    OSTaskCreate                             0x0800237d   Thumb Code   148  os_task.o(i.OSTaskCreate)
    OSTaskCreateExt                          0x0800241d   Thumb Code   160  os_task.o(i.OSTaskCreateExt)
    OSTaskCreateHook                         0x080024c9   Thumb Code     2  os_cpu_c.o(i.OSTaskCreateHook)
    OSTaskDel                                0x080024cd   Thumb Code   268  os_task.o(i.OSTaskDel)
    OSTaskDelHook                            0x08002605   Thumb Code     2  os_cpu_c.o(i.OSTaskDelHook)
    OSTaskIdleHook                           0x08002607   Thumb Code     2  os_cpu_c.o(i.OSTaskIdleHook)
    OSTaskNameSet                            0x08002609   Thumb Code    98  os_task.o(i.OSTaskNameSet)
    OSTaskReturnHook                         0x08002679   Thumb Code     2  os_cpu_c.o(i.OSTaskReturnHook)
    OSTaskStkInit                            0x0800267d   Thumb Code   160  os_cpu_c.o(i.OSTaskStkInit)
    OSTaskSwHook                             0x08002721   Thumb Code     2  os_cpu_c.o(i.OSTaskSwHook)
    OSTimeDly                                0x08002725   Thumb Code   100  os_time.o(i.OSTimeDly)
    OSTimeTick                               0x0800279d   Thumb Code   210  os_core.o(i.OSTimeTick)
    OSTimeTickHook                           0x08002889   Thumb Code     2  os_cpu_c.o(i.OSTimeTickHook)
    OS_Dummy                                 0x0800288b   Thumb Code     2  os_core.o(i.OS_Dummy)
    OS_MemClr                                0x080029dd   Thumb Code    18  os_core.o(i.OS_MemClr)
    OS_Sched                                 0x080029f1   Thumb Code    88  os_core.o(i.OS_Sched)
    OS_TCBInit                               0x08002a91   Thumb Code   280  os_core.o(i.OS_TCBInit)
    OS_TaskIdle                              0x08002bc5   Thumb Code    34  os_core.o(i.OS_TaskIdle)
    OS_TaskReturn                            0x08002bed   Thumb Code    18  os_task.o(i.OS_TaskReturn)
    Open_Calib                               0x08002c05   Thumb Code    16  imu.o(i.Open_Calib)
    PID_Calc                                 0x08002c21   Thumb Code   484  pid.o(i.PID_Calc)
    PID_Init                                 0x08002e21   Thumb Code   162  pid.o(i.PID_Init)
    PID_Time_Init                            0x08002f19   Thumb Code    56  pid.o(i.PID_Time_Init)
    PWM_IN_Init                              0x08002f55   Thumb Code   364  pwm.o(i.PWM_IN_Init)
    PWM_OUT_Init                             0x080030c9   Thumb Code   500  pwm.o(i.PWM_OUT_Init)
    Quat_Init                                0x080032cd   Thumb Code  2074  imu.o(i.Quat_Init)
    RCC_AHB1PeriphClockCmd                   0x08003af5   Thumb Code    26  stm32f4xx_rcc.o(i.RCC_AHB1PeriphClockCmd)
    RCC_APB1PeriphClockCmd                   0x08003b15   Thumb Code    26  stm32f4xx_rcc.o(i.RCC_APB1PeriphClockCmd)
    RCC_APB1PeriphResetCmd                   0x08003b35   Thumb Code    26  stm32f4xx_rcc.o(i.RCC_APB1PeriphResetCmd)
    RCC_APB2PeriphResetCmd                   0x08003b55   Thumb Code    26  stm32f4xx_rcc.o(i.RCC_APB2PeriphResetCmd)
    RCC_GetClocksFreq                        0x08003b75   Thumb Code   214  stm32f4xx_rcc.o(i.RCC_GetClocksFreq)
    SVC_Handler                              0x08003c5d   Thumb Code     2  stm32f4xx_it.o(i.SVC_Handler)
    SendWord                                 0x08003c61   Thumb Code   140  usart.o(i.SendWord)
    Send_5_float                             0x08003cf1   Thumb Code   316  usart.o(i.Send_5_float)
    Send_Attitude                            0x08003e31   Thumb Code   342  usart.o(i.Send_Attitude)
    Send_Height_Temp                         0x08003f91   Thumb Code   282  usart.o(i.Send_Height_Temp)
    Send_RCData_Motor                        0x080040b5   Thumb Code   370  usart.o(i.Send_RCData_Motor)
    Send_Senser                              0x0800422d   Thumb Code   334  usart.o(i.Send_Senser)
    SysTick_CLKSourceConfig                  0x08004469   Thumb Code    40  misc.o(i.SysTick_CLKSourceConfig)
    SysTick_Handler                          0x08004491   Thumb Code    34  stm32f4xx_it.o(i.SysTick_Handler)
    SysTick_Init                             0x080044b9   Thumb Code    86  bsp.o(i.SysTick_Init)
    SystemInit                               0x08004519   Thumb Code    88  system_stm32f4xx.o(i.SystemInit)
    TIM3_IRQHandler                          0x080046a3   Thumb Code     2  stm32f4xx_it.o(i.TIM3_IRQHandler)
    TIM5_IRQHandler                          0x080046a5   Thumb Code     8  stm32f4xx_it.o(i.TIM5_IRQHandler)
    TIM5_PWM_IN_IRQ                          0x080046ad   Thumb Code   180  pwm.o(i.TIM5_PWM_IN_IRQ)
    TIM_Cmd                                  0x08004775   Thumb Code    24  stm32f4xx_tim.o(i.TIM_Cmd)
    TIM_DeInit                               0x0800478d   Thumb Code   346  stm32f4xx_tim.o(i.TIM_DeInit)
    TIM_ICInit                               0x0800491d   Thumb Code   110  stm32f4xx_tim.o(i.TIM_ICInit)
    TIM_ITConfig                             0x0800498b   Thumb Code    18  stm32f4xx_tim.o(i.TIM_ITConfig)
    TIM_SetIC1Prescaler                      0x0800499d   Thumb Code    18  stm32f4xx_tim.o(i.TIM_SetIC1Prescaler)
    TIM_SetIC2Prescaler                      0x080049af   Thumb Code    26  stm32f4xx_tim.o(i.TIM_SetIC2Prescaler)
    TIM_SetIC3Prescaler                      0x080049c9   Thumb Code    18  stm32f4xx_tim.o(i.TIM_SetIC3Prescaler)
    TIM_SetIC4Prescaler                      0x080049db   Thumb Code    26  stm32f4xx_tim.o(i.TIM_SetIC4Prescaler)
    TIM_TimeBaseInit                         0x080049f5   Thumb Code   104  stm32f4xx_tim.o(i.TIM_TimeBaseInit)
    USART2_IRQHandler                        0x08004d89   Thumb Code     2  stm32f4xx_it.o(i.USART2_IRQHandler)
    USART6_IRQ                               0x08004d8d   Thumb Code    32  usart.o(i.USART6_IRQ)
    USART6_IRQHandler                        0x08004db5   Thumb Code     8  stm32f4xx_it.o(i.USART6_IRQHandler)
    USART6_Init                              0x08004dbd   Thumb Code   208  usart.o(i.USART6_Init)
    USART6_NItSend                           0x08004e9d   Thumb Code    40  usart.o(i.USART6_NItSend)
    USART_ClearITPendingBit                  0x08004ec9   Thumb Code    30  stm32f4xx_usart.o(i.USART_ClearITPendingBit)
    USART_GetFlagStatus                      0x08004ee7   Thumb Code    26  stm32f4xx_usart.o(i.USART_GetFlagStatus)
    USART_GetITStatus                        0x08004f01   Thumb Code    84  stm32f4xx_usart.o(i.USART_GetITStatus)
    USART_SendData                           0x08004f55   Thumb Code     8  stm32f4xx_usart.o(i.USART_SendData)
    UsageFault_Handler                       0x08004f5d   Thumb Code     4  stm32f4xx_it.o(i.UsageFault_Handler)
    __ARM_fpclassify                         0x08004f61   Thumb Code    48  fpclassify.o(i.__ARM_fpclassify)
    __hardfp_asin                            0x08004f91   Thumb Code   770  asin.o(i.__hardfp_asin)
    __hardfp_atan                            0x080052f1   Thumb Code   622  atan.o(i.__hardfp_atan)
    __hardfp_atan2                           0x080055c9   Thumb Code   432  atan2.o(i.__hardfp_atan2)
    __hardfp_cos                             0x080057b9   Thumb Code   180  cos.o(i.__hardfp_cos)
    __hardfp_pow                             0x08005881   Thumb Code  3044  pow.o(i.__hardfp_pow)
    __hardfp_sin                             0x080064b9   Thumb Code   180  sin.o(i.__hardfp_sin)
    __hardfp_sqrtf                           0x08006581   Thumb Code    58  sqrtf.o(i.__hardfp_sqrtf)
    __ieee754_rem_pio2                       0x080065c1   Thumb Code   938  rred.o(i.__ieee754_rem_pio2)
    __kernel_cos                             0x080069f9   Thumb Code   322  cos_i.o(i.__kernel_cos)
    __kernel_poly                            0x08006b69   Thumb Code   248  poly.o(i.__kernel_poly)
    __kernel_sin                             0x08006c61   Thumb Code   280  sin_i.o(i.__kernel_sin)
    __mathlib_dbl_divzero                    0x08006d91   Thumb Code    28  dunder.o(i.__mathlib_dbl_divzero)
    __mathlib_dbl_infnan                     0x08006dc1   Thumb Code    20  dunder.o(i.__mathlib_dbl_infnan)
    __mathlib_dbl_infnan2                    0x08006dd5   Thumb Code    20  dunder.o(i.__mathlib_dbl_infnan2)
    __mathlib_dbl_invalid                    0x08006de9   Thumb Code    24  dunder.o(i.__mathlib_dbl_invalid)
    __mathlib_dbl_overflow                   0x08006e09   Thumb Code    24  dunder.o(i.__mathlib_dbl_overflow)
    __mathlib_dbl_underflow                  0x08006e29   Thumb Code    24  dunder.o(i.__mathlib_dbl_underflow)
    atan                                     0x08006e49   Thumb Code    16  atan.o(i.atan)
    delay_ms                                 0x08006e59   Thumb Code    68  delay.o(i.delay_ms)
    delay_us                                 0x08006ea9   Thumb Code    84  delay.o(i.delay_us)
    fabs                                     0x08006f01   Thumb Code    24  fabs.o(i.fabs)
    i2cread                                  0x08006f19   Thumb Code    90  iic.o(i.i2cread)
    invSqrt                                  0x08006f75   Thumb Code    56  imu.o(i.invSqrt)
    main                                     0x08006fb1   Thumb Code    26  main.o(i.main)
    sqrt                                     0x08006fd5   Thumb Code   110  sqrt.o(i.sqrt)
    __aeabi_dneg                             0x08007043   Thumb Code     0  basic.o(x$fpl$basic)
    _dneg                                    0x08007043   Thumb Code     6  basic.o(x$fpl$basic)
    __aeabi_fneg                             0x08007049   Thumb Code     0  basic.o(x$fpl$basic)
    _fneg                                    0x08007049   Thumb Code     6  basic.o(x$fpl$basic)
    _dabs                                    0x0800704f   Thumb Code     6  basic.o(x$fpl$basic)
    _fabs                                    0x08007055   Thumb Code     6  basic.o(x$fpl$basic)
    __aeabi_d2f                              0x0800705d   Thumb Code     0  d2f.o(x$fpl$d2f)
    _d2f                                     0x0800705d   Thumb Code    98  d2f.o(x$fpl$d2f)
    __aeabi_dadd                             0x080070c1   Thumb Code     0  daddsub_clz.o(x$fpl$dadd)
    _dadd                                    0x080070c1   Thumb Code   332  daddsub_clz.o(x$fpl$dadd)
    __fpl_dcheck_NaN1                        0x08007211   Thumb Code    10  dcheck1.o(x$fpl$dcheck1)
    __fpl_dcmp_Inf                           0x08007221   Thumb Code    24  dcmpi.o(x$fpl$dcmpinf)
    __aeabi_ddiv                             0x08007239   Thumb Code     0  ddiv.o(x$fpl$ddiv)
    _ddiv                                    0x08007239   Thumb Code   552  ddiv.o(x$fpl$ddiv)
    __aeabi_d2iz                             0x080074e9   Thumb Code     0  dfix.o(x$fpl$dfix)
    _dfix                                    0x080074e9   Thumb Code    94  dfix.o(x$fpl$dfix)
    __aeabi_i2d                              0x08007547   Thumb Code     0  dflt_clz.o(x$fpl$dflt)
    _dflt                                    0x08007547   Thumb Code    46  dflt_clz.o(x$fpl$dflt)
    __aeabi_ui2d                             0x08007575   Thumb Code     0  dflt_clz.o(x$fpl$dfltu)
    _dfltu                                   0x08007575   Thumb Code    38  dflt_clz.o(x$fpl$dfltu)
    __aeabi_cdcmple                          0x0800759d   Thumb Code     0  dleqf.o(x$fpl$dleqf)
    _dcmple                                  0x0800759d   Thumb Code   120  dleqf.o(x$fpl$dleqf)
    __fpl_dcmple_InfNaN                      0x080075ff   Thumb Code     0  dleqf.o(x$fpl$dleqf)
    __aeabi_dmul                             0x08007615   Thumb Code     0  dmul.o(x$fpl$dmul)
    _dmul                                    0x08007615   Thumb Code   332  dmul.o(x$fpl$dmul)
    __fpl_dnaninf                            0x08007769   Thumb Code   156  dnaninf.o(x$fpl$dnaninf)
    __fpl_dretinf                            0x08007805   Thumb Code    12  dretinf.o(x$fpl$dretinf)
    __aeabi_cdrcmple                         0x08007811   Thumb Code     0  drleqf.o(x$fpl$drleqf)
    _drcmple                                 0x08007811   Thumb Code   108  drleqf.o(x$fpl$drleqf)
    __aeabi_drsub                            0x0800787d   Thumb Code     0  daddsub_clz.o(x$fpl$drsb)
    _drsb                                    0x0800787d   Thumb Code    22  daddsub_clz.o(x$fpl$drsb)
    _dsqrt                                   0x08007895   Thumb Code   404  dsqrt_umaal.o(x$fpl$dsqrt)
    __aeabi_dsub                             0x08007a2d   Thumb Code     0  daddsub_clz.o(x$fpl$dsub)
    _dsub                                    0x08007a2d   Thumb Code   464  daddsub_clz.o(x$fpl$dsub)
    __aeabi_f2d                              0x08007c01   Thumb Code     0  f2d.o(x$fpl$f2d)
    _f2d                                     0x08007c01   Thumb Code    86  f2d.o(x$fpl$f2d)
    __fpl_fnaninf                            0x08007c57   Thumb Code   140  fnaninf.o(x$fpl$fnaninf)
    _fp_init                                 0x08007ce3   Thumb Code    10  fpinit.o(x$fpl$fpinit)
    __fplib_config_fpu_vfp                   0x08007ceb   Thumb Code     0  fpinit.o(x$fpl$fpinit)
    __fplib_config_pureend_doubles           0x08007ceb   Thumb Code     0  fpinit.o(x$fpl$fpinit)
    __fpl_fretinf                            0x08007ced   Thumb Code    10  fretinf.o(x$fpl$fretinf)
    __fpl_return_NaN                         0x08007cf7   Thumb Code   100  retnan.o(x$fpl$retnan)
    __ARM_scalbn                             0x08007d5b   Thumb Code    92  scalbn.o(x$fpl$scalbn)
    __fpl_cmpreturn                          0x08007db7   Thumb Code    48  trapv.o(x$fpl$trapveneer)
    OSUnMapTbl                               0x08007de6   Data         256  os_core.o(.constdata)
    __I$use$fp                               0x08007de6   Number         0  usenofp.o(x$fpl$usenofp)
    __mathlib_zero                           0x08008088   Data           8  qnan.o(.constdata)
    Region$$Table$$Base                      0x08008180   Number         0  anon$$obj.o(Region$$Table)
    Region$$Table$$Limit                     0x080081a0   Number         0  anon$$obj.o(Region$$Table)
    gyroOffset                               0x20000000   Data           1  main.o(.data)
    accOffset                                0x20000001   Data           1  main.o(.data)
    pressOffset                              0x20000002   Data           1  main.o(.data)
    acc                                      0x20000004   Data           6  main.o(.data)
    offsetAcc                                0x2000000a   Data           6  main.o(.data)
    gyro                                     0x20000010   Data           6  main.o(.data)
    offsetGyro                               0x20000016   Data           6  main.o(.data)
    mag                                      0x2000001c   Data           6  main.o(.data)
    pressure                                 0x20000024   Data           4  main.o(.data)
    offsetPress                              0x20000028   Data           4  main.o(.data)
    Temperature                              0x2000002c   Data           4  main.o(.data)
    K_PRESS_TO_HIGH                          0x20000030   Data           4  main.o(.data)
    height                                   0x20000034   Data           4  main.o(.data)
    velocity                                 0x20000038   Data           4  main.o(.data)
    acceleration_z                           0x2000003c   Data           4  main.o(.data)
    pidT                                     0x20000040   Data           4  main.o(.data)
    expRoll                                  0x20000044   Data           4  main.o(.data)
    expPitch                                 0x20000048   Data           4  main.o(.data)
    expYaw                                   0x2000004c   Data           4  main.o(.data)
    expMode                                  0x20000050   Data           4  main.o(.data)
    expHeight                                0x20000054   Data           4  main.o(.data)
    flyMode                                  0x20000058   Data           1  main.o(.data)
    pidRoll                                  0x2000005c   Data           4  main.o(.data)
    pidPitch                                 0x20000060   Data           4  main.o(.data)
    pidYaw                                   0x20000064   Data           4  main.o(.data)
    pidThr                                   0x20000068   Data           4  main.o(.data)
    PWM_IN_CH                                0x2000006c   Data           8  main.o(.data)
    motor1                                   0x20000074   Data           4  main.o(.data)
    motor2                                   0x20000078   Data           4  main.o(.data)
    motor3                                   0x2000007c   Data           4  main.o(.data)
    motor4                                   0x20000080   Data           4  main.o(.data)
    FLAG_TC                                  0x20000088   Data           1  usart.o(.data)
    TIM5_CAPTURE_STA                         0x2000008a   Data           4  pwm.o(.data)
    TIM5_CAPTURE_OVF                         0x2000008e   Data           8  pwm.o(.data)
    Kp                                       0x20000098   Data           4  imu.o(.data)
    Ki                                       0x2000009c   Data           4  imu.o(.data)
    halfT                                    0x200000a0   Data           4  imu.o(.data)
    T                                        0x200000a4   Data           4  imu.o(.data)
    q0                                       0x200000a8   Data           4  imu.o(.data)
    q1                                       0x200000ac   Data           4  imu.o(.data)
    q2                                       0x200000b0   Data           4  imu.o(.data)
    q3                                       0x200000b4   Data           4  imu.o(.data)
    exInt                                    0x200000b8   Data           4  imu.o(.data)
    eyInt                                    0x200000bc   Data           4  imu.o(.data)
    ezInt                                    0x200000c0   Data           4  imu.o(.data)
    rollShellKp                              0x200000f0   Data           4  pid.o(.data)
    rollCoreKp                               0x200000f4   Data           4  pid.o(.data)
    rollCoreTi                               0x200000f8   Data           4  pid.o(.data)
    rollCoreTd                               0x200000fc   Data           4  pid.o(.data)
    pitchShellKp                             0x20000100   Data           4  pid.o(.data)
    pitchCoreKp                              0x20000104   Data           4  pid.o(.data)
    pitchCoreTi                              0x20000108   Data           4  pid.o(.data)
    pitchCoreTd                              0x2000010c   Data           4  pid.o(.data)
    yawCoreKp                                0x20000110   Data           4  pid.o(.data)
    yawCoreTd                                0x20000114   Data           4  pid.o(.data)
    thrShellKp                               0x20000118   Data           4  pid.o(.data)
    thrShellTd                               0x2000011c   Data           4  pid.o(.data)
    D1_Pres                                  0x20000128   Data           4  gy86.o(.data)
    D2_Temp                                  0x2000012c   Data           4  gy86.o(.data)
    dT                                       0x20000130   Data           4  gy86.o(.data)
    Temperature2                             0x20000134   Data           4  gy86.o(.data)
    OFF                                      0x20000138   Data           8  gy86.o(.data)
    SENS                                     0x20000140   Data           8  gy86.o(.data)
    Aux                                      0x20000148   Data           4  gy86.o(.data)
    OFF2                                     0x2000014c   Data           4  gy86.o(.data)
    SENS2                                    0x20000150   Data           4  gy86.o(.data)
    ex_Pressure                              0x20000154   Data           4  gy86.o(.data)
    exchange_num                             0x20000158   Data           8  gy86.o(.data)
    OSCtxSwCtr                               0x20000160   Data           4  os_core.o(.data)
    OSIntNesting                             0x20000164   Data           1  os_core.o(.data)
    OSLockNesting                            0x20000165   Data           1  os_core.o(.data)
    OSPrioCur                                0x20000166   Data           1  os_core.o(.data)
    OSPrioHighRdy                            0x20000167   Data           1  os_core.o(.data)
    OSRdyGrp                                 0x20000168   Data           1  os_core.o(.data)
    OSRdyTbl                                 0x20000169   Data           8  os_core.o(.data)
    OSRunning                                0x20000171   Data           1  os_core.o(.data)
    OSTaskCtr                                0x20000172   Data           1  os_core.o(.data)
    OSIdleCtr                                0x20000174   Data           4  os_core.o(.data)
    OSTCBCur                                 0x20000178   Data           4  os_core.o(.data)
    OSTCBFreeList                            0x2000017c   Data           4  os_core.o(.data)
    OSTCBHighRdy                             0x20000180   Data           4  os_core.o(.data)
    OSTCBList                                0x20000184   Data           4  os_core.o(.data)
    OSTickStepState                          0x20000188   Data           1  os_core.o(.data)
    OSTaskRegNextAvailID                     0x20000189   Data           1  os_core.o(.data)
    OSTime                                   0x2000018c   Data           4  os_core.o(.data)
    OS_CPU_ExceptStkBase                     0x20000190   Data           4  os_cpu_c.o(.data)
    fGyro                                    0x200001a4   Data          12  main.o(.bss)
    angle                                    0x200001b0   Data          12  main.o(.bss)
    rollCore                                 0x200001bc   Data          28  main.o(.bss)
    rollShell                                0x200001d8   Data          28  main.o(.bss)
    pitchCore                                0x200001f4   Data          28  main.o(.bss)
    pitchShell                               0x20000210   Data          28  main.o(.bss)
    yawCore                                  0x2000022c   Data          28  main.o(.bss)
    thrShell                                 0x20000248   Data          28  main.o(.bss)
    sendBuf                                  0x20000264   Data          50  main.o(.bss)
    TIM5_CAPTURE_VAL                         0x20002a98   Data          16  pwm.o(.bss)
    Cal_C                                    0x20002aa8   Data          14  gy86.o(.bss)
    OSTaskIdleStk                            0x20002ab8   Data         512  os_core.o(.bss)
    OSTCBPrioTbl                             0x20002cb8   Data         256  os_core.o(.bss)
    OSTCBTbl                                 0x20002db8   Data        1428  os_core.o(.bss)
    OS_CPU_ExceptStk                         0x2000334c   Data         512  os_cpu_c.o(.bss)
    __libspace_start                         0x2000354c   Data          96  libspace.o(.bss)
    __temporary_stack_top$libspace           0x200035ac   Data           0  libspace.o(.bss)



==============================================================================

Memory Map of the image

  Image Entry point : 0x08000275

  Load Region LR_1 (Base: 0x08000000, Size: 0x00008344, Max: 0xffffffff, ABSOLUTE, COMPRESSED[0x000081d8])

    Execution Region ER_RO (Base: 0x08000000, Size: 0x000081a0, Max: 0xffffffff, ABSOLUTE)

    Base Addr    Size         Type   Attr      Idx    E Section Name        Object

    0x08000000   0x00000194   Data   RO          769    RESET               startup_stm32f401xx.o
    0x08000194   0x00000008   Code   RO         6024  * !!!main             c_w.l(__main.o)
    0x0800019c   0x00000034   Code   RO         6383    !!!scatter          c_w.l(__scatter.o)
    0x080001d0   0x0000005a   Code   RO         6381    !!dczerorl2         c_w.l(__dczerorl2.o)
    0x0800022a   0x00000002   PAD
    0x0800022c   0x0000001c   Code   RO         6385    !!handler_zi        c_w.l(__scatter_zi.o)
    0x08000248   0x00000002   Code   RO         6249    .ARM.Collect$$libinit$$00000000  c_w.l(libinit.o)
    0x0800024a   0x00000004   Code   RO         6256    .ARM.Collect$$libinit$$00000001  c_w.l(libinit2.o)
    0x0800024e   0x00000000   Code   RO         6259    .ARM.Collect$$libinit$$00000004  c_w.l(libinit2.o)
    0x0800024e   0x00000000   Code   RO         6262    .ARM.Collect$$libinit$$0000000A  c_w.l(libinit2.o)
    0x0800024e   0x00000000   Code   RO         6264    .ARM.Collect$$libinit$$0000000C  c_w.l(libinit2.o)
    0x0800024e   0x00000000   Code   RO         6266    .ARM.Collect$$libinit$$0000000E  c_w.l(libinit2.o)
    0x0800024e   0x00000000   Code   RO         6269    .ARM.Collect$$libinit$$00000011  c_w.l(libinit2.o)
    0x0800024e   0x00000000   Code   RO         6271    .ARM.Collect$$libinit$$00000013  c_w.l(libinit2.o)
    0x0800024e   0x00000000   Code   RO         6273    .ARM.Collect$$libinit$$00000015  c_w.l(libinit2.o)
    0x0800024e   0x00000000   Code   RO         6275    .ARM.Collect$$libinit$$00000017  c_w.l(libinit2.o)
    0x0800024e   0x00000000   Code   RO         6277    .ARM.Collect$$libinit$$00000019  c_w.l(libinit2.o)
    0x0800024e   0x00000000   Code   RO         6279    .ARM.Collect$$libinit$$0000001B  c_w.l(libinit2.o)
    0x0800024e   0x00000000   Code   RO         6281    .ARM.Collect$$libinit$$0000001D  c_w.l(libinit2.o)
    0x0800024e   0x00000000   Code   RO         6283    .ARM.Collect$$libinit$$0000001F  c_w.l(libinit2.o)
    0x0800024e   0x00000000   Code   RO         6285    .ARM.Collect$$libinit$$00000021  c_w.l(libinit2.o)
    0x0800024e   0x00000000   Code   RO         6287    .ARM.Collect$$libinit$$00000023  c_w.l(libinit2.o)
    0x0800024e   0x00000000   Code   RO         6289    .ARM.Collect$$libinit$$00000025  c_w.l(libinit2.o)
    0x0800024e   0x00000000   Code   RO         6293    .ARM.Collect$$libinit$$0000002C  c_w.l(libinit2.o)
    0x0800024e   0x00000000   Code   RO         6295    .ARM.Collect$$libinit$$0000002E  c_w.l(libinit2.o)
    0x0800024e   0x00000000   Code   RO         6297    .ARM.Collect$$libinit$$00000030  c_w.l(libinit2.o)
    0x0800024e   0x00000000   Code   RO         6299    .ARM.Collect$$libinit$$00000032  c_w.l(libinit2.o)
    0x0800024e   0x00000002   Code   RO         6300    .ARM.Collect$$libinit$$00000033  c_w.l(libinit2.o)
    0x08000250   0x00000002   Code   RO         6322    .ARM.Collect$$libshutdown$$00000000  c_w.l(libshutdown.o)
    0x08000252   0x00000000   Code   RO         6336    .ARM.Collect$$libshutdown$$00000003  c_w.l(libshutdown2.o)
    0x08000252   0x00000000   Code   RO         6339    .ARM.Collect$$libshutdown$$00000006  c_w.l(libshutdown2.o)
    0x08000252   0x00000000   Code   RO         6342    .ARM.Collect$$libshutdown$$00000009  c_w.l(libshutdown2.o)
    0x08000252   0x00000000   Code   RO         6344    .ARM.Collect$$libshutdown$$0000000B  c_w.l(libshutdown2.o)
    0x08000252   0x00000000   Code   RO         6347    .ARM.Collect$$libshutdown$$0000000E  c_w.l(libshutdown2.o)
    0x08000252   0x00000002   Code   RO         6348    .ARM.Collect$$libshutdown$$0000000F  c_w.l(libshutdown2.o)
    0x08000254   0x00000000   Code   RO         6126    .ARM.Collect$$rtentry$$00000000  c_w.l(__rtentry.o)
    0x08000254   0x00000000   Code   RO         6208    .ARM.Collect$$rtentry$$00000002  c_w.l(__rtentry2.o)
    0x08000254   0x00000006   Code   RO         6220    .ARM.Collect$$rtentry$$00000004  c_w.l(__rtentry4.o)
    0x0800025a   0x00000000   Code   RO         6210    .ARM.Collect$$rtentry$$00000009  c_w.l(__rtentry2.o)
    0x0800025a   0x00000004   Code   RO         6211    .ARM.Collect$$rtentry$$0000000A  c_w.l(__rtentry2.o)
    0x0800025e   0x00000000   Code   RO         6213    .ARM.Collect$$rtentry$$0000000C  c_w.l(__rtentry2.o)
    0x0800025e   0x00000008   Code   RO         6214    .ARM.Collect$$rtentry$$0000000D  c_w.l(__rtentry2.o)
    0x08000266   0x00000002   Code   RO         6254    .ARM.Collect$$rtexit$$00000000  c_w.l(rtexit.o)
    0x08000268   0x00000000   Code   RO         6304    .ARM.Collect$$rtexit$$00000002  c_w.l(rtexit2.o)
    0x08000268   0x00000004   Code   RO         6305    .ARM.Collect$$rtexit$$00000003  c_w.l(rtexit2.o)
    0x0800026c   0x00000006   Code   RO         6306    .ARM.Collect$$rtexit$$00000004  c_w.l(rtexit2.o)
    0x08000272   0x00000002   PAD
    0x08000274   0x00000040   Code   RO          770  * .text               startup_stm32f401xx.o
    0x080002b4   0x000000a8   Code   RO         1282    .text               os_cpu_a.o
    0x0800035c   0x00000006   Code   RO         6022    .text               c_w.l(heapauxi.o)
    0x08000362   0x00000016   Code   RO         6127    .text               c_w.l(_rserrno.o)
    0x08000378   0x00000008   Code   RO         6225    .text               c_w.l(rt_errno_addr_intlibspace.o)
    0x08000380   0x00000008   Code   RO         6237    .text               c_w.l(libspace.o)
    0x08000388   0x0000004a   Code   RO         6240    .text               c_w.l(sys_stackheap_outer.o)
    0x080003d2   0x0000000c   Code   RO         6242    .text               c_w.l(exit.o)
    0x080003de   0x00000002   PAD
    0x080003e0   0x0000000c   Code   RO         6314    .text               c_w.l(sys_exit.o)
    0x080003ec   0x00000002   Code   RO         6325    .text               c_w.l(use_no_semi.o)
    0x080003ee   0x00000000   Code   RO         6327    .text               c_w.l(indicate_semi.o)
    0x080003ee   0x0000003c   Code   RO          504    i.AHRS_Time_Init    imu.o
    0x0800042a   0x00000002   PAD
    0x0800042c   0x00000804   Code   RO          505    i.Attitude_Update   imu.o
    0x08000c30   0x00000046   Code   RO          736    i.BSP_Init          bsp.o
    0x08000c76   0x00000004   Code   RO          776    i.BusFault_Handler  stm32f4xx_it.o
    0x08000c7a   0x00000002   PAD
    0x08000c7c   0x00000020   Code   RO          506    i.Calib_Status      imu.o
    0x08000c9c   0x00000054   Code   RO          215    i.DELAY_Init        delay.o
    0x08000cf0   0x00000002   Code   RO          777    i.DebugMon_Handler  stm32f4xx_it.o
    0x08000cf2   0x00000040   Code   RO          148    i.GPIO_AF_Set       gpio.o
    0x08000d32   0x00000090   Code   RO         2991    i.GPIO_Init         stm32f4xx_gpio.o
    0x08000dc2   0x00000046   Code   RO         2992    i.GPIO_PinAFConfig  stm32f4xx_gpio.o
    0x08000e08   0x00000012   Code   RO         2995    i.GPIO_ReadInputDataBit  stm32f4xx_gpio.o
    0x08000e1a   0x00000004   Code   RO         2998    i.GPIO_ResetBits    stm32f4xx_gpio.o
    0x08000e1e   0x000000de   Code   RO          149    i.GPIO_Set          gpio.o
    0x08000efc   0x00000004   Code   RO         2999    i.GPIO_SetBits      stm32f4xx_gpio.o
    0x08000f00   0x000001b4   Code   RO          507    i.GY86_Read         imu.o
    0x080010b4   0x00000040   Code   RO          508    i.Get_AHRS_Time     imu.o
    0x080010f4   0x00000040   Code   RO          585    i.Get_PID_Time      pid.o
    0x08001134   0x00000022   Code   RO          656    i.HMC5883L_Init     gy86.o
    0x08001156   0x00000004   Code   RO          778    i.HardFault_Handler  stm32f4xx_it.o
    0x0800115a   0x00000002   PAD
    0x0800115c   0x00000054   Code   RO          509    i.Height_Update     imu.o
    0x080011b0   0x0000001c   Code   RO          397    i.I2C_NoAddr_WriteByte  iic.o
    0x080011cc   0x00000030   Code   RO          398    i.I2C_ReadByte      iic.o
    0x080011fc   0x0000003e   Code   RO          399    i.I2C_Read_2Bytes   iic.o
    0x0800123a   0x0000004a   Code   RO          400    i.I2C_Read_3Bytes   iic.o
    0x08001284   0x0000005c   Code   RO          401    i.I2C_ReceiveByte   iic.o
    0x080012e0   0x0000005c   Code   RO          402    i.I2C_ReceiveByte_WithACK  iic.o
    0x0800133c   0x00000060   Code   RO          403    i.I2C_START         iic.o
    0x0800139c   0x00000034   Code   RO          404    i.I2C_STOP          iic.o
    0x080013d0   0x00000034   Code   RO          405    i.I2C_SendACK       iic.o
    0x08001404   0x00000098   Code   RO          406    i.I2C_SendByte      iic.o
    0x0800149c   0x00000034   Code   RO          407    i.I2C_SendNACK      iic.o
    0x080014d0   0x00000024   Code   RO          408    i.I2C_WriteByte     iic.o
    0x080014f4   0x00000034   Code   RO          409    i.IIC_Init          iic.o
    0x08001528   0x000000e0   Code   RO          586    i.Judge_FlyMode     pid.o
    0x08001608   0x0000002a   Code   RO          587    i.Limit             pid.o
    0x08001632   0x0000005c   Code   RO          657    i.MPU6050_Init      gy86.o
    0x0800168e   0x00000002   PAD
    0x08001690   0x000002cc   Code   RO          510    i.MPU6050_Offset    imu.o
    0x0800195c   0x00000020   Code   RO          658    i.MS561101BA_Do_Conversion  gy86.o
    0x0800197c   0x000002b4   Code   RO          659    i.MS561101BA_GetPressure  gy86.o
    0x08001c30   0x00000074   Code   RO          660    i.MS561101BA_GetTemperature  gy86.o
    0x08001ca4   0x00000018   Code   RO          661    i.MS561101BA_Init   gy86.o
    0x08001cbc   0x00000028   Code   RO          662    i.MS561101BA_ReadPROM  gy86.o
    0x08001ce4   0x0000000c   Code   RO          663    i.MS561101BA_Reset  gy86.o
    0x08001cf0   0x00000004   Code   RO          779    i.MemManage_Handler  stm32f4xx_it.o
    0x08001cf4   0x00000320   Code   RO          588    i.Motor_Calc        pid.o
    0x08002014   0x0000011c   Code   RO          589    i.Motor_Exp_Calc    pid.o
    0x08002130   0x00000002   Code   RO          780    i.NMI_Handler       stm32f4xx_it.o
    0x08002132   0x00000002   PAD
    0x08002134   0x00000078   Code   RO         1395    i.NVIC_Init         misc.o
    0x080021ac   0x00000020   Code   RO          902    i.OSInit            os_core.o
    0x080021cc   0x00000030   Code   RO         1287    i.OSInitHookBegin   os_cpu_c.o
    0x080021fc   0x00000002   Code   RO         1288    i.OSInitHookEnd     os_cpu_c.o
    0x080021fe   0x00000002   PAD
    0x08002200   0x00000090   Code   RO          904    i.OSIntExit         os_core.o
    0x08002290   0x00000040   Code   RO          905    i.OSSchedLock       os_core.o
    0x080022d0   0x00000060   Code   RO          906    i.OSSchedUnlock     os_core.o
    0x08002330   0x00000048   Code   RO          907    i.OSStart           os_core.o
    0x08002378   0x00000002   Code   RO         1289    i.OSTCBInitHook     os_cpu_c.o
    0x0800237a   0x00000002   PAD
    0x0800237c   0x000000a0   Code   RO         1129    i.OSTaskCreate      os_task.o
    0x0800241c   0x000000ac   Code   RO         1130    i.OSTaskCreateExt   os_task.o
    0x080024c8   0x00000002   Code   RO         1290    i.OSTaskCreateHook  os_cpu_c.o
    0x080024ca   0x00000002   PAD
    0x080024cc   0x00000138   Code   RO         1131    i.OSTaskDel         os_task.o
    0x08002604   0x00000002   Code   RO         1291    i.OSTaskDelHook     os_cpu_c.o
    0x08002606   0x00000002   Code   RO         1292    i.OSTaskIdleHook    os_cpu_c.o
    0x08002608   0x00000070   Code   RO         1134    i.OSTaskNameSet     os_task.o
    0x08002678   0x00000002   Code   RO         1293    i.OSTaskReturnHook  os_cpu_c.o
    0x0800267a   0x00000002   PAD
    0x0800267c   0x000000a4   Code   RO         1295    i.OSTaskStkInit     os_cpu_c.o
    0x08002720   0x00000002   Code   RO         1296    i.OSTaskSwHook      os_cpu_c.o
    0x08002722   0x00000002   PAD
    0x08002724   0x00000078   Code   RO         1226    i.OSTimeDly         os_time.o
    0x0800279c   0x000000ec   Code   RO          908    i.OSTimeTick        os_core.o
    0x08002888   0x00000002   Code   RO         1297    i.OSTimeTickHook    os_cpu_c.o
    0x0800288a   0x00000002   Code   RO          910    i.OS_Dummy          os_core.o
    0x0800288c   0x00000002   Code   RO          911    i.OS_InitEventList  os_core.o
    0x0800288e   0x00000002   PAD
    0x08002890   0x00000044   Code   RO          912    i.OS_InitMisc       os_core.o
    0x080028d4   0x00000044   Code   RO          913    i.OS_InitRdyList    os_core.o
    0x08002918   0x00000074   Code   RO          914    i.OS_InitTCBList    os_core.o
    0x0800298c   0x00000050   Code   RO          915    i.OS_InitTaskIdle   os_core.o
    0x080029dc   0x00000012   Code   RO          916    i.OS_MemClr         os_core.o
    0x080029ee   0x00000002   PAD
    0x080029f0   0x00000074   Code   RO          918    i.OS_Sched          os_core.o
    0x08002a64   0x0000002c   Code   RO          919    i.OS_SchedNew       os_core.o
    0x08002a90   0x00000134   Code   RO          921    i.OS_TCBInit        os_core.o
    0x08002bc4   0x00000028   Code   RO          922    i.OS_TaskIdle       os_core.o
    0x08002bec   0x00000018   Code   RO         1141    i.OS_TaskReturn     os_task.o
    0x08002c04   0x0000001c   Code   RO          511    i.Open_Calib        imu.o
    0x08002c20   0x00000200   Code   RO          590    i.PID_Calc          pid.o
    0x08002e20   0x000000f8   Code   RO          591    i.PID_Init          pid.o
    0x08002f18   0x0000003c   Code   RO          592    i.PID_Time_Init     pid.o
    0x08002f54   0x00000174   Code   RO          351    i.PWM_IN_Init       pwm.o
    0x080030c8   0x00000204   Code   RO          353    i.PWM_OUT_Init      pwm.o
    0x080032cc   0x00000828   Code   RO          512    i.Quat_Init         imu.o
    0x08003af4   0x00000020   Code   RO         3858    i.RCC_AHB1PeriphClockCmd  stm32f4xx_rcc.o
    0x08003b14   0x00000020   Code   RO         3867    i.RCC_APB1PeriphClockCmd  stm32f4xx_rcc.o
    0x08003b34   0x00000020   Code   RO         3869    i.RCC_APB1PeriphResetCmd  stm32f4xx_rcc.o
    0x08003b54   0x00000020   Code   RO         3872    i.RCC_APB2PeriphResetCmd  stm32f4xx_rcc.o
    0x08003b74   0x000000e8   Code   RO         3879    i.RCC_GetClocksFreq  stm32f4xx_rcc.o
    0x08003c5c   0x00000002   Code   RO          781    i.SVC_Handler       stm32f4xx_it.o
    0x08003c5e   0x00000002   PAD
    0x08003c60   0x00000090   Code   RO          255    i.SendWord          usart.o
    0x08003cf0   0x00000140   Code   RO          256    i.Send_5_float      usart.o
    0x08003e30   0x00000160   Code   RO          257    i.Send_Attitude     usart.o
    0x08003f90   0x00000124   Code   RO          258    i.Send_Height_Temp  usart.o
    0x080040b4   0x00000178   Code   RO          259    i.Send_RCData_Motor  usart.o
    0x0800422c   0x00000154   Code   RO          260    i.Send_Senser       usart.o
    0x08004380   0x000000e8   Code   RO          865    i.SetSysClock       system_stm32f4xx.o
    0x08004468   0x00000028   Code   RO         1399    i.SysTick_CLKSourceConfig  misc.o
    0x08004490   0x00000028   Code   RO          782    i.SysTick_Handler   stm32f4xx_it.o
    0x080044b8   0x00000060   Code   RO          737    i.SysTick_Init      bsp.o
    0x08004518   0x00000068   Code   RO          867    i.SystemInit        system_stm32f4xx.o
    0x08004580   0x0000003a   Code   RO         5201    i.TI1_Config        stm32f4xx_tim.o
    0x080045ba   0x00000050   Code   RO         5202    i.TI2_Config        stm32f4xx_tim.o
    0x0800460a   0x00000048   Code   RO         5203    i.TI3_Config        stm32f4xx_tim.o
    0x08004652   0x00000050   Code   RO         5204    i.TI4_Config        stm32f4xx_tim.o
    0x080046a2   0x00000002   Code   RO          783    i.TIM3_IRQHandler   stm32f4xx_it.o
    0x080046a4   0x00000008   Code   RO          784    i.TIM5_IRQHandler   stm32f4xx_it.o
    0x080046ac   0x000000c8   Code   RO          354    i.TIM5_PWM_IN_IRQ   pwm.o
    0x08004774   0x00000018   Code   RO         5217    i.TIM_Cmd           stm32f4xx_tim.o
    0x0800478c   0x00000190   Code   RO         5222    i.TIM_DeInit        stm32f4xx_tim.o
    0x0800491c   0x0000006e   Code   RO         5240    i.TIM_ICInit        stm32f4xx_tim.o
    0x0800498a   0x00000012   Code   RO         5242    i.TIM_ITConfig      stm32f4xx_tim.o
    0x0800499c   0x00000012   Code   RO         5284    i.TIM_SetIC1Prescaler  stm32f4xx_tim.o
    0x080049ae   0x0000001a   Code   RO         5285    i.TIM_SetIC2Prescaler  stm32f4xx_tim.o
    0x080049c8   0x00000012   Code   RO         5286    i.TIM_SetIC3Prescaler  stm32f4xx_tim.o
    0x080049da   0x0000001a   Code   RO         5287    i.TIM_SetIC4Prescaler  stm32f4xx_tim.o
    0x080049f4   0x00000084   Code   RO         5289    i.TIM_TimeBaseInit  stm32f4xx_tim.o
    0x08004a78   0x000000bc   Code   RO            3    i.Task_Angel        main.o
    0x08004b34   0x000001cc   Code   RO            4    i.Task_COM          main.o
    0x08004d00   0x00000018   Code   RO            5    i.Task_PID          main.o
    0x08004d18   0x00000070   Code   RO            6    i.Task_Startup      main.o
    0x08004d88   0x00000002   Code   RO          785    i.USART2_IRQHandler  stm32f4xx_it.o
    0x08004d8a   0x00000002   PAD
    0x08004d8c   0x00000028   Code   RO          261    i.USART6_IRQ        usart.o
    0x08004db4   0x00000008   Code   RO          786    i.USART6_IRQHandler  stm32f4xx_it.o
    0x08004dbc   0x000000e0   Code   RO          262    i.USART6_Init       usart.o
    0x08004e9c   0x0000002c   Code   RO          264    i.USART6_NItSend    usart.o
    0x08004ec8   0x0000001e   Code   RO         5767    i.USART_ClearITPendingBit  stm32f4xx_usart.o
    0x08004ee6   0x0000001a   Code   RO         5773    i.USART_GetFlagStatus  stm32f4xx_usart.o
    0x08004f00   0x00000054   Code   RO         5774    i.USART_GetITStatus  stm32f4xx_usart.o
    0x08004f54   0x00000008   Code   RO         5787    i.USART_SendData    stm32f4xx_usart.o
    0x08004f5c   0x00000004   Code   RO          787    i.UsageFault_Handler  stm32f4xx_it.o
    0x08004f60   0x00000030   Code   RO         6179    i.__ARM_fpclassify  m_wm.l(fpclassify.o)
    0x08004f90   0x00000360   Code   RO         6050    i.__hardfp_asin     m_wm.l(asin.o)
    0x080052f0   0x000002d8   Code   RO         6142    i.__hardfp_atan     m_wm.l(atan.o)
    0x080055c8   0x000001f0   Code   RO         6064    i.__hardfp_atan2    m_wm.l(atan2.o)
    0x080057b8   0x000000c8   Code   RO         6076    i.__hardfp_cos      m_wm.l(cos.o)
    0x08005880   0x00000c38   Code   RO         6088    i.__hardfp_pow      m_wm.l(pow.o)
    0x080064b8   0x000000c8   Code   RO         6102    i.__hardfp_sin      m_wm.l(sin.o)
    0x08006580   0x0000003a   Code   RO         6114    i.__hardfp_sqrtf    m_wm.l(sqrtf.o)
    0x080065ba   0x00000006   PAD
    0x080065c0   0x00000438   Code   RO         6184    i.__ieee754_rem_pio2  m_wm.l(rred.o)
    0x080069f8   0x00000170   Code   RO         6156    i.__kernel_cos      m_wm.l(cos_i.o)
    0x08006b68   0x000000f8   Code   RO         6181    i.__kernel_poly     m_wm.l(poly.o)
    0x08006c60   0x00000130   Code   RO         6189    i.__kernel_sin      m_wm.l(sin_i.o)
    0x08006d90   0x00000030   Code   RO         6159    i.__mathlib_dbl_divzero  m_wm.l(dunder.o)
    0x08006dc0   0x00000014   Code   RO         6160    i.__mathlib_dbl_infnan  m_wm.l(dunder.o)
    0x08006dd4   0x00000014   Code   RO         6161    i.__mathlib_dbl_infnan2  m_wm.l(dunder.o)
    0x08006de8   0x00000020   Code   RO         6162    i.__mathlib_dbl_invalid  m_wm.l(dunder.o)
    0x08006e08   0x00000020   Code   RO         6163    i.__mathlib_dbl_overflow  m_wm.l(dunder.o)
    0x08006e28   0x00000020   Code   RO         6165    i.__mathlib_dbl_underflow  m_wm.l(dunder.o)
    0x08006e48   0x00000010   Code   RO         6144    i.atan              m_wm.l(atan.o)
    0x08006e58   0x00000050   Code   RO          216    i.delay_ms          delay.o
    0x08006ea8   0x00000058   Code   RO          217    i.delay_us          delay.o
    0x08006f00   0x00000018   Code   RO         6175    i.fabs              m_wm.l(fabs.o)
    0x08006f18   0x0000005a   Code   RO          410    i.i2cread           iic.o
    0x08006f72   0x00000002   PAD
    0x08006f74   0x0000003c   Code   RO          513    i.invSqrt           imu.o
    0x08006fb0   0x00000024   Code   RO            7    i.main              main.o
    0x08006fd4   0x0000006e   Code   RO         6197    i.sqrt              m_wm.l(sqrt.o)
    0x08007042   0x00000018   Code   RO         6026    x$fpl$basic         fz_wm.l(basic.o)
    0x0800705a   0x00000002   PAD
    0x0800705c   0x00000062   Code   RO         6028    x$fpl$d2f           fz_wm.l(d2f.o)
    0x080070be   0x00000002   PAD
    0x080070c0   0x00000150   Code   RO         6030    x$fpl$dadd          fz_wm.l(daddsub_clz.o)
    0x08007210   0x00000010   Code   RO         6227    x$fpl$dcheck1       fz_wm.l(dcheck1.o)
    0x08007220   0x00000018   Code   RO         6250    x$fpl$dcmpinf       fz_wm.l(dcmpi.o)
    0x08007238   0x000002b0   Code   RO         6037    x$fpl$ddiv          fz_wm.l(ddiv.o)
    0x080074e8   0x0000005e   Code   RO         6229    x$fpl$dfix          fz_wm.l(dfix.o)
    0x08007546   0x0000002e   Code   RO         6041    x$fpl$dflt          fz_wm.l(dflt_clz.o)
    0x08007574   0x00000026   Code   RO         6040    x$fpl$dfltu         fz_wm.l(dflt_clz.o)
    0x0800759a   0x00000002   PAD
    0x0800759c   0x00000078   Code   RO         6233    x$fpl$dleqf         fz_wm.l(dleqf.o)
    0x08007614   0x00000154   Code   RO         6046    x$fpl$dmul          fz_wm.l(dmul.o)
    0x08007768   0x0000009c   Code   RO         6129    x$fpl$dnaninf       fz_wm.l(dnaninf.o)
    0x08007804   0x0000000c   Code   RO         6131    x$fpl$dretinf       fz_wm.l(dretinf.o)
    0x08007810   0x0000006c   Code   RO         6133    x$fpl$drleqf        fz_wm.l(drleqf.o)
    0x0800787c   0x00000016   Code   RO         6031    x$fpl$drsb          fz_wm.l(daddsub_clz.o)
    0x08007892   0x00000002   PAD
    0x08007894   0x00000198   Code   RO         6235    x$fpl$dsqrt         fz_wm.l(dsqrt_umaal.o)
    0x08007a2c   0x000001d4   Code   RO         6032    x$fpl$dsub          fz_wm.l(daddsub_clz.o)
    0x08007c00   0x00000056   Code   RO         6048    x$fpl$f2d           fz_wm.l(f2d.o)
    0x08007c56   0x0000008c   Code   RO         6135    x$fpl$fnaninf       fz_wm.l(fnaninf.o)
    0x08007ce2   0x0000000a   Code   RO         6312    x$fpl$fpinit        fz_wm.l(fpinit.o)
    0x08007cec   0x0000000a   Code   RO         6137    x$fpl$fretinf       fz_wm.l(fretinf.o)
    0x08007cf6   0x00000064   Code   RO         6252    x$fpl$retnan        fz_wm.l(retnan.o)
    0x08007d5a   0x0000005c   Code   RO         6139    x$fpl$scalbn        fz_wm.l(scalbn.o)
    0x08007db6   0x00000030   Code   RO         6301    x$fpl$trapveneer    fz_wm.l(trapv.o)
    0x08007de6   0x00000000   Code   RO         6141    x$fpl$usenofp       fz_wm.l(usenofp.o)
    0x08007de6   0x00000100   Data   RO          924    .constdata          os_core.o
    0x08007ee6   0x00000002   PAD
    0x08007ee8   0x00000050   Data   RO         6053    .constdata          m_wm.l(asin.o)
    0x08007f38   0x00000088   Data   RO         6091    .constdata          m_wm.l(pow.o)
    0x08007fc0   0x00000098   Data   RO         6145    .constdata          m_wm.l(atan.o)
    0x08008058   0x00000030   Data   RO         6157    .constdata          m_wm.l(cos_i.o)
    0x08008088   0x00000008   Data   RO         6183    .constdata          m_wm.l(qnan.o)
    0x08008090   0x000000c8   Data   RO         6186    .constdata          m_wm.l(rred.o)
    0x08008158   0x00000028   Data   RO         6190    .constdata          m_wm.l(sin_i.o)
    0x08008180   0x00000020   Data   RO         6379    Region$$Table       anon$$obj.o


    Execution Region ER_RW (Base: 0x20000000, Size: 0x000001a4, Max: 0xffffffff, ABSOLUTE, COMPRESSED[0x00000038])

    Base Addr    Size         Type   Attr      Idx    E Section Name        Object

    0x20000000   0x00000084   Data   RW            9    .data               main.o
    0x20000084   0x00000004   Data   RW          218    .data               delay.o
    0x20000088   0x00000001   Data   RW          265    .data               usart.o
    0x20000089   0x00000001   PAD
    0x2000008a   0x0000000c   Data   RW          356    .data               pwm.o
    0x20000096   0x00000002   PAD
    0x20000098   0x00000058   Data   RW          514    .data               imu.o
    0x200000f0   0x00000034   Data   RW          593    .data               pid.o
    0x20000124   0x00000004   PAD
    0x20000128   0x00000038   Data   RW          665    .data               gy86.o
    0x20000160   0x00000030   Data   RW          925    .data               os_core.o
    0x20000190   0x00000004   Data   RW         1299    .data               os_cpu_c.o
    0x20000194   0x00000010   Data   RW         3910    .data               stm32f4xx_rcc.o


    Execution Region ER_ZI (Base: 0x200001a4, Size: 0x00003a0c, Max: 0xffffffff, ABSOLUTE)

    Base Addr    Size         Type   Attr      Idx    E Section Name        Object

    0x200001a4   0x000028f4   Zero   RW            8    .bss                main.o
    0x20002a98   0x00000010   Zero   RW          355    .bss                pwm.o
    0x20002aa8   0x0000000e   Zero   RW          664    .bss                gy86.o
    0x20002ab6   0x00000002   PAD
    0x20002ab8   0x00000894   Zero   RW          923    .bss                os_core.o
    0x2000334c   0x00000200   Zero   RW         1298    .bss                os_cpu_c.o
    0x2000354c   0x00000060   Zero   RW         6238    .bss                c_w.l(libspace.o)
    0x200035ac   0x00000004   PAD
    0x200035b0   0x00000200   Zero   RW          768    HEAP                startup_stm32f401xx.o
    0x200037b0   0x00000400   Zero   RW          767    STACK               startup_stm32f401xx.o


==============================================================================

Image component sizes


      Code (inc. data)   RO Data    RW Data    ZI Data      Debug   Object Name

       166         10          0          0          0      27585   bsp.o
       252         24          0          4          0       1903   delay.o
       286          0          0          0          0       1621   gpio.o
      1042        116          0         56         14       5182   gy86.o
       978         46          0          0          0       8410   iic.o
      5620        306          0         88          0       7408   imu.o
       820        144          0        132      10484     273718   main.o
       160         14          0          0          0       3074   misc.o
      1506        298        256         48       2196      15884   os_core.o
       168         32          0          0          0        284   os_cpu_a.o
       228         18          0          4        512      11954   os_cpu_c.o
       780         88          0          0          0       4345   os_task.o
       120         20          0          0          0        636   os_time.o
      2234        332          0         52          0       6924   pid.o
      1088         44          0         12         16       2756   pwm.o
        64         26        404          0       1536        836   startup_stm32f401xx.o
       240          0          0          0          0       9819   stm32f4xx_gpio.o
        82          6          0          0          0       5581   stm32f4xx_it.o
       360         42          0         16          0      19964   stm32f4xx_rcc.o
      1062         82          0          0          0      28218   stm32f4xx_tim.o
       148          0          0          0          0       9045   stm32f4xx_usart.o
       336         32          0          0          0       1489   system_stm32f4xx.o
      2132         68          0          1          0       7323   usart.o

    ----------------------------------------------------------------------
     19902       1748        694        420      14760     453959   Object Totals
         0          0         32          0          0          0   (incl. Generated)
        30          0          2          7          2          0   (incl. Padding)

    ----------------------------------------------------------------------

      Code (inc. data)   RO Data    RW Data    ZI Data      Debug   Library Member Name

        90          0          0          0          0          0   __dczerorl2.o
         8          0          0          0          0         68   __main.o
         0          0          0          0          0          0   __rtentry.o
        12          0          0          0          0          0   __rtentry2.o
         6          0          0          0          0          0   __rtentry4.o
        52          8          0          0          0          0   __scatter.o
        28          0          0          0          0          0   __scatter_zi.o
        22          0          0          0          0        100   _rserrno.o
        12          0          0          0          0         72   exit.o
         6          0          0          0          0        152   heapauxi.o
         0          0          0          0          0          0   indicate_semi.o
         2          0          0          0          0          0   libinit.o
         6          0          0          0          0          0   libinit2.o
         2          0          0          0          0          0   libshutdown.o
         2          0          0          0          0          0   libshutdown2.o
         8          4          0          0         96         68   libspace.o
         8          4          0          0          0         68   rt_errno_addr_intlibspace.o
         2          0          0          0          0          0   rtexit.o
        10          0          0          0          0          0   rtexit2.o
        12          4          0          0          0         68   sys_exit.o
        74          0          0          0          0         80   sys_stackheap_outer.o
         2          0          0          0          0         68   use_no_semi.o
        24          0          0          0          0        164   basic.o
        98          4          0          0          0        140   d2f.o
       826         16          0          0          0        492   daddsub_clz.o
        16          4          0          0          0        116   dcheck1.o
        24          0          0          0          0        116   dcmpi.o
       688        140          0          0          0        256   ddiv.o
        94          4          0          0          0        140   dfix.o
        84          0          0          0          0        232   dflt_clz.o
       120          4          0          0          0        140   dleqf.o
       340         12          0          0          0        152   dmul.o
       156          4          0          0          0        140   dnaninf.o
        12          0          0          0          0        116   dretinf.o
       108          0          0          0          0        128   drleqf.o
       408         56          0          0          0        168   dsqrt_umaal.o
        86          4          0          0          0        132   f2d.o
       140          4          0          0          0        132   fnaninf.o
        10          0          0          0          0        116   fpinit.o
        10          0          0          0          0        116   fretinf.o
       100          0          0          0          0        116   retnan.o
        92          0          0          0          0        116   scalbn.o
        48          0          0          0          0        116   trapv.o
         0          0          0          0          0          0   usenofp.o
       864         94         80          0          0        280   asin.o
       744        106        152          0          0        352   atan.o
       496         64          0          0          0        192   atan2.o
       200         20          0          0          0        164   cos.o
       368         46         48          0          0        200   cos_i.o
       184         44          0          0          0        744   dunder.o
        24          0          0          0          0        124   fabs.o
        48          0          0          0          0        124   fpclassify.o
       248          0          0          0          0        152   poly.o
      3128        302        136          0          0        356   pow.o
         0          0          8          0          0          0   qnan.o
      1080        142        200          0          0        188   rred.o
       200         20          0          0          0        164   sin.o
       304         24         40          0          0        208   sin_i.o
       110          0          0          0          0        148   sqrt.o
        58          0          0          0          0        136   sqrtf.o

    ----------------------------------------------------------------------
     11924       1134        664          0        100       7620   Library Totals
        20          0          0          0          4          0   (incl. Padding)

    ----------------------------------------------------------------------

      Code (inc. data)   RO Data    RW Data    ZI Data      Debug   Library Name

       364         20          0          0         96        744   c_w.l
      3484        252          0          0          0       3344   fz_wm.l
      8056        862        664          0          0       3532   m_wm.l

    ----------------------------------------------------------------------
     11924       1134        664          0        100       7620   Library Totals

    ----------------------------------------------------------------------

==============================================================================


      Code (inc. data)   RO Data    RW Data    ZI Data      Debug   

     31826       2882       1358        420      14860     444219   Grand Totals
     31826       2882       1358         56      14860     444219   ELF Image Totals (compressed)
     31826       2882       1358         56          0          0   ROM Totals

==============================================================================

    Total RO  Size (Code + RO Data)                33184 (  32.41kB)
    Total RW  Size (RW Data + ZI Data)             15280 (  14.92kB)
    Total ROM Size (Code + RO Data + RW Data)      33240 (  32.46kB)

==============================================================================

