<html>
<body>
<pre>
<h1>µVision Build Log</h1>
<h2>Tool Versions:</h2>
IDE-Version: ¦ÌVision V5.14.0.0
Copyright (C) 2015 ARM Ltd and ARM Germany GmbH. All rights reserved.
License Information: rong yang, uestc, LIC=9WSBS-LHMFZ-CJ46Z-J26SG-4HUE3-PH8MI
 
Tool Versions:
Toolchain:       MDK-ARM Standard  Version: 5.14.0.0
Toolchain Path:  G:\Keil_v5\ARM\ARMCC\Bin
C Compiler:      Armcc.exe V5.05 update 1 (build 106)
Assembler:       Armasm.exe V5.05 update 1 (build 106)
Linker/Locator:  ArmLink.exe V5.05 update 1 (build 106)
Library Manager: ArmAr.exe V5.05 update 1 (build 106)
Hex Converter:   FromElf.exe V5.05 update 1 (build 106)
CPU DLL:         SARMCM3.DLL V5.14.0.0
Dialog DLL:      DCM.DLL V1.13.1.0
Target DLL:      STLink\ST-LINKIII-KEIL_SWO.dll V2.0.14.0_KEIL
Dialog DLL:      TCM.DLL V1.14.4.0
 
<h2>Project:</h2>
H:\file\sizhou\Four-Axis-Vehicle\Project\exp4.uvprojx
Project File Date:  12/18/2019

<h2>Output:</h2>
Build target 'Target 1'
compiling main.c...
APP\main.c(100): warning:  #167-D: argument of type "int32_t *" is incompatible with parameter of type "u32 *"
          SendWord(0xF1, &temp);
APP\main.c(102): warning:  #167-D: argument of type "int32_t *" is incompatible with parameter of type "u32 *"
          SendWord(0xF2, &temp);
APP\main.c: 2 warnings, 0 errors
linking...
Program Size: Code=31826 RO-data=1358 RW-data=420 ZI-data=14860  
FromELF: creating hex file...
".\Objects\exp4.axf" - 0 Error(s), 2 Warning(s).

<h2>Collection of Component include folders:</h2>
  H:\file\sizhou\Four-Axis-Vehicle\Project\RTE
  G:\Keil_v5\ARM\PACK\Keil\STM32F4xx_DFP\1.0.8\Device\Include

<h2>Collection of Component Files used:</h2>
</pre>
</body>
</html>
